2026-01-17T21:27:25.6366600Z Current runner version: '2.331.0'
2026-01-17T21:27:25.6380450Z ##[group]Runner Image Provisioner
2026-01-17T21:27:25.6380880Z Hosted Compute Agent
2026-01-17T21:27:25.6381210Z Version: 20260115.477
2026-01-17T21:27:25.6381550Z Commit: 4b342d620503cbe250a3154040964899ea7c9b00
2026-01-17T21:27:25.6381950Z Build Date: 2026-01-15T22:32:41Z
2026-01-17T21:27:25.6382350Z Worker ID: {1a702d25-9ebf-47c8-b6fd-471caa3b0a3c}
2026-01-17T21:27:25.6382760Z Azure Region: westus
2026-01-17T21:27:25.6383080Z ##[endgroup]
2026-01-17T21:27:25.6383830Z ##[group]Operating System
2026-01-17T21:27:25.6384160Z macOS
2026-01-17T21:27:25.6384420Z 14.8.3
2026-01-17T21:27:25.6384680Z 23J220
2026-01-17T21:27:25.6384940Z ##[endgroup]
2026-01-17T21:27:25.6385220Z ##[group]Runner Image
2026-01-17T21:27:25.6385530Z Image: macos-14-arm64
2026-01-17T21:27:25.6385820Z Version: 20260112.0083.1
2026-01-17T21:27:25.6386520Z Included Software: https://github.com/actions/runner-images/blob/macos-14-arm64/20260112.0083/images/macos/macos-14-arm64-Readme.md
2026-01-17T21:27:25.6387410Z Image Release: https://github.com/actions/runner-images/releases/tag/macos-14-arm64%2F20260112.0083
2026-01-17T21:27:25.6387970Z ##[endgroup]
2026-01-17T21:27:25.6388600Z ##[group]GITHUB_TOKEN Permissions
2026-01-17T21:27:25.6389440Z Contents: read
2026-01-17T21:27:25.6389740Z Metadata: read
2026-01-17T21:27:25.6390020Z Packages: read
2026-01-17T21:27:25.6390300Z ##[endgroup]
2026-01-17T21:27:25.6391520Z Secret source: Actions
2026-01-17T21:27:25.6391870Z Prepare workflow directory
2026-01-17T21:27:25.6594060Z Prepare all required actions
2026-01-17T21:27:25.6619440Z Getting action download info
2026-01-17T21:27:26.0550250Z Download action repository 'actions/checkout@v4' (SHA:34e114876b0b11c390a56381ad16ebd13914f8d5)
2026-01-17T21:27:26.4445620Z Download action repository 'swift-actions/setup-swift@v2' (SHA:7ca6abe6b3b0e8b5421b88be48feee39cbf52c6a)
2026-01-17T21:27:27.4894800Z Download action repository 'actions/cache@v4' (SHA:0057852bfaa89a56745cba8c7296529d2fc39830)
2026-01-17T21:27:27.5739490Z Download action repository 'actions/upload-artifact@v4' (SHA:ea165f8d65b6e75b540449e92b4886f43607fa02)
2026-01-17T21:27:27.7367780Z Complete job name: Build on macOS
2026-01-17T21:27:27.7775560Z ##[group]Run actions/checkout@v4
2026-01-17T21:27:27.7776260Z with:
2026-01-17T21:27:27.7776610Z   repository: mohitmishra786/control
2026-01-17T21:27:27.7777180Z   token: ***
2026-01-17T21:27:27.7777500Z   ssh-strict: true
2026-01-17T21:27:27.7777820Z   ssh-user: git
2026-01-17T21:27:27.7791380Z   persist-credentials: true
2026-01-17T21:27:27.7791790Z   clean: true
2026-01-17T21:27:27.7792130Z   sparse-checkout-cone-mode: true
2026-01-17T21:27:27.7792550Z   fetch-depth: 1
2026-01-17T21:27:27.7792870Z   fetch-tags: false
2026-01-17T21:27:27.7793220Z   show-progress: true
2026-01-17T21:27:27.7793560Z   lfs: false
2026-01-17T21:27:27.7793860Z   submodules: false
2026-01-17T21:27:27.7794190Z   set-safe-directory: true
2026-01-17T21:27:27.7794710Z ##[endgroup]
2026-01-17T21:27:28.0603610Z Syncing repository: mohitmishra786/control
2026-01-17T21:27:28.0605000Z ##[group]Getting Git version info
2026-01-17T21:27:28.0605540Z Working directory is '/Users/runner/work/control/control'
2026-01-17T21:27:28.0606420Z [command]/opt/homebrew/bin/git version
2026-01-17T21:27:28.0871660Z git version 2.52.0
2026-01-17T21:27:28.0895180Z ##[endgroup]
2026-01-17T21:27:28.0901180Z Copying '/Users/runner/.gitconfig' to '/Users/runner/work/_temp/8506bf7d-c5c8-4991-944d-a10219b9b5ce/.gitconfig'
2026-01-17T21:27:28.0908060Z Temporarily overriding HOME='/Users/runner/work/_temp/8506bf7d-c5c8-4991-944d-a10219b9b5ce' before making global git config changes
2026-01-17T21:27:28.0909410Z Adding repository directory to the temporary git global config as a safe directory
2026-01-17T21:27:28.0911660Z [command]/opt/homebrew/bin/git config --global --add safe.directory /Users/runner/work/control/control
2026-01-17T21:27:28.0989670Z Deleting the contents of '/Users/runner/work/control/control'
2026-01-17T21:27:28.0991950Z ##[group]Initializing the repository
2026-01-17T21:27:28.0995960Z [command]/opt/homebrew/bin/git init /Users/runner/work/control/control
2026-01-17T21:27:28.1283910Z hint: Using 'master' as the name for the initial branch. This default branch name
2026-01-17T21:27:28.1291750Z hint: will change to "main" in Git 3.0. To configure the initial branch name
2026-01-17T21:27:28.1302670Z hint: to use in all of your new repositories, which will suppress this warning,
2026-01-17T21:27:28.1303880Z hint: call:
2026-01-17T21:27:28.1304330Z hint:
2026-01-17T21:27:28.1308030Z hint: 	git config --global init.defaultBranch <name>
2026-01-17T21:27:28.1308610Z hint:
2026-01-17T21:27:28.1309170Z hint: Names commonly chosen instead of 'master' are 'main', 'trunk' and
2026-01-17T21:27:28.1310000Z hint: 'development'. The just-created branch can be renamed via this command:
2026-01-17T21:27:28.1310730Z hint:
2026-01-17T21:27:28.1311190Z hint: 	git branch -m <name>
2026-01-17T21:27:28.1311660Z hint:
2026-01-17T21:27:28.1312230Z hint: Disable this message with "git config set advice.defaultBranchName false"
2026-01-17T21:27:28.1313250Z Initialized empty Git repository in /Users/runner/work/control/control/.git/
2026-01-17T21:27:28.1314970Z [command]/opt/homebrew/bin/git remote add origin https://github.com/mohitmishra786/control
2026-01-17T21:27:28.1358940Z ##[endgroup]
2026-01-17T21:27:28.1359640Z ##[group]Disabling automatic garbage collection
2026-01-17T21:27:28.1361180Z [command]/opt/homebrew/bin/git config --local gc.auto 0
2026-01-17T21:27:28.1410930Z ##[endgroup]
2026-01-17T21:27:28.1411650Z ##[group]Setting up auth
2026-01-17T21:27:28.1414820Z [command]/opt/homebrew/bin/git config --local --name-only --get-regexp core\.sshCommand
2026-01-17T21:27:28.1475430Z [command]/opt/homebrew/bin/git submodule foreach --recursive sh -c "git config --local --name-only --get-regexp 'core\.sshCommand' && git config --local --unset-all 'core.sshCommand' || :"
2026-01-17T21:27:28.2133260Z [command]/opt/homebrew/bin/git config --local --name-only --get-regexp http\.https\:\/\/github\.com\/\.extraheader
2026-01-17T21:27:28.2181940Z [command]/opt/homebrew/bin/git submodule foreach --recursive sh -c "git config --local --name-only --get-regexp 'http\.https\:\/\/github\.com\/\.extraheader' && git config --local --unset-all 'http.https://github.com/.extraheader' || :"
2026-01-17T21:27:28.2647700Z [command]/opt/homebrew/bin/git config --local --name-only --get-regexp ^includeIf\.gitdir:
2026-01-17T21:27:28.2683150Z [command]/opt/homebrew/bin/git submodule foreach --recursive git config --local --show-origin --name-only --get-regexp remote.origin.url
2026-01-17T21:27:28.3163450Z [command]/opt/homebrew/bin/git config --local http.https://github.com/.extraheader AUTHORIZATION: basic ***
2026-01-17T21:27:28.3209510Z ##[endgroup]
2026-01-17T21:27:28.3210160Z ##[group]Fetching the repository
2026-01-17T21:27:28.3214730Z [command]/opt/homebrew/bin/git -c protocol.version=2 fetch --no-tags --prune --no-recurse-submodules --depth=1 origin +e3d8a841ba0676e463d5a38075ed4ad4754e23c6:refs/remotes/pull/1/merge
2026-01-17T21:27:28.9835400Z From https://github.com/mohitmishra786/control
2026-01-17T21:27:28.9836600Z  * [new ref]         e3d8a841ba0676e463d5a38075ed4ad4754e23c6 -> pull/1/merge
2026-01-17T21:27:28.9905740Z ##[endgroup]
2026-01-17T21:27:28.9906510Z ##[group]Determining the checkout info
2026-01-17T21:27:28.9907430Z ##[endgroup]
2026-01-17T21:27:28.9909330Z [command]/opt/homebrew/bin/git sparse-checkout disable
2026-01-17T21:27:28.9965410Z [command]/opt/homebrew/bin/git config --local --unset-all extensions.worktreeConfig
2026-01-17T21:27:29.0001950Z ##[group]Checking out the ref
2026-01-17T21:27:29.0004080Z [command]/opt/homebrew/bin/git checkout --progress --force refs/remotes/pull/1/merge
2026-01-17T21:27:29.0217610Z HEAD is now at e3d8a84 Merge 2005470b600dd6d7b91b01e4326c6c179383a1ff into 2fe31a90e462a338ed0f2402ad1ad23b4388b3c4
2026-01-17T21:27:29.0511230Z ##[endgroup]
2026-01-17T21:27:29.0822850Z [command]/opt/homebrew/bin/git log -1 --format=%H
2026-01-17T21:27:29.0925390Z e3d8a841ba0676e463d5a38075ed4ad4754e23c6
2026-01-17T21:27:29.1351780Z ##[group]Run swift-actions/setup-swift@v2
2026-01-17T21:27:29.1352630Z with:
2026-01-17T21:27:29.1353160Z   swift-version: 6.0
2026-01-17T21:27:29.1353790Z ##[endgroup]
2026-01-17T21:27:29.2209130Z [command]/usr/bin/xcrun --toolchain swift 6.0.3 --run swift --version
2026-01-17T21:27:31.5907430Z swift-driver version: 1.90.11.1 Apple Swift version 5.10 (swiftlang-5.10.0.13 clang-1500.3.9.4)
2026-01-17T21:27:31.5908280Z Target: arm64-apple-macosx14.0
2026-01-17T21:27:38.8074380Z [command]/usr/bin/xar -x -C /Users/runner/work/_temp/020f639d-18db-4d57-aa3e-6fb7395af8fa -f /Users/runner/work/_temp/631b5c37-1495-428e-99f2-3c46b659f2c3
2026-01-17T21:27:41.7610220Z [command]/usr/bin/tar xz -C /Users/runner/work/_temp/545e060d-a221-4091-b1cb-d12d3e68123e -f /Users/runner/work/_temp/020f639d-18db-4d57-aa3e-6fb7395af8fa/swift-6.0.3-RELEASE-osx-package.pkg/Payload
2026-01-17T21:28:07.4939120Z [command]/Users/runner/hostedtoolcache/swift-macOS/6.0.3/arm64/usr/bin/swift --version
2026-01-17T21:28:08.2544770Z Apple Swift version 6.0.3 (swift-6.0.3-RELEASE)
2026-01-17T21:28:08.2545700Z Target: arm64-apple-macosx14.0
2026-01-17T21:28:08.4266310Z ##[group]Run actions/cache@v4
2026-01-17T21:28:08.4266720Z with:
2026-01-17T21:28:08.4266950Z   path: .build
2026-01-17T21:28:08.4267270Z   key: macOS-spm-
2026-01-17T21:28:08.4267530Z   restore-keys: macOS-spm-

2026-01-17T21:28:08.4267860Z   enableCrossOsArchive: false
2026-01-17T21:28:08.4268160Z   fail-on-cache-miss: false
2026-01-17T21:28:08.4268460Z   lookup-only: false
2026-01-17T21:28:08.4268900Z   save-always: false
2026-01-17T21:28:08.4269300Z env:
2026-01-17T21:28:08.4269660Z   TOOLCHAINS: swift 6.0.3
2026-01-17T21:28:08.4269920Z ##[endgroup]
2026-01-17T21:28:08.7523040Z Cache not found for input keys: macOS-spm-, macOS-spm-
2026-01-17T21:28:08.7600770Z ##[group]Run swift build
2026-01-17T21:28:08.7601080Z [36;1mswift build[0m
2026-01-17T21:28:08.7702090Z shell: /bin/bash -e {0}
2026-01-17T21:28:08.7702400Z env:
2026-01-17T21:28:08.7702710Z   TOOLCHAINS: swift 6.0.3
2026-01-17T21:28:08.7703120Z ##[endgroup]
2026-01-17T21:28:13.2906210Z Fetching https://github.com/LebJe/TOMLKit.git
2026-01-17T21:28:13.2908620Z Fetching https://github.com/apple/swift-log.git
2026-01-17T21:28:13.8849320Z [1/23414] Fetching tomlkit
2026-01-17T21:28:13.9764060Z [2/29220] Fetching tomlkit, swift-log
2026-01-17T21:28:14.5295180Z Fetched https://github.com/apple/swift-log.git from cache (1.24s)
2026-01-17T21:28:14.5298430Z Fetched https://github.com/LebJe/TOMLKit.git from cache (1.24s)
2026-01-17T21:28:14.5352430Z Fetching https://github.com/apple/swift-argument-parser.git
2026-01-17T21:28:15.2666240Z [1/17100] Fetching swift-argument-parser
2026-01-17T21:28:15.7381640Z Fetched https://github.com/apple/swift-argument-parser.git from cache (1.20s)
2026-01-17T21:28:15.7438490Z Computing version for https://github.com/LebJe/TOMLKit.git
2026-01-17T21:28:28.2741050Z Computed https://github.com/LebJe/TOMLKit.git at 0.6.0 (12.53s)
2026-01-17T21:28:28.2748380Z Computing version for https://github.com/apple/swift-argument-parser.git
2026-01-17T21:28:28.6967620Z Computed https://github.com/apple/swift-argument-parser.git at 1.7.0 (0.42s)
2026-01-17T21:28:28.6972720Z Computing version for https://github.com/apple/swift-log.git
2026-01-17T21:28:29.0261490Z Computed https://github.com/apple/swift-log.git at 1.9.0 (0.33s)
2026-01-17T21:28:29.0827260Z Creating working copy for https://github.com/LebJe/TOMLKit.git
2026-01-17T21:28:29.1505160Z Working copy of https://github.com/LebJe/TOMLKit.git resolved at 0.6.0
2026-01-17T21:28:29.1664120Z Creating working copy for https://github.com/apple/swift-log.git
2026-01-17T21:28:29.2206780Z Working copy of https://github.com/apple/swift-log.git resolved at 1.9.0
2026-01-17T21:28:29.2363770Z Creating working copy for https://github.com/apple/swift-argument-parser.git
2026-01-17T21:28:29.3291740Z Working copy of https://github.com/apple/swift-argument-parser.git resolved at 1.7.0
2026-01-17T21:28:31.2192670Z [1/1] Compiling plugin GenerateDoccReference
2026-01-17T21:28:32.1523420Z [2/2] Compiling plugin GenerateManual
2026-01-17T21:28:32.1523800Z Building for debugging...
2026-01-17T21:28:32.1639380Z [2/18] Write sources
2026-01-17T21:28:32.1736450Z [2/18] Write control-entitlement.plist
2026-01-17T21:28:32.1741310Z [3/18] Write sources
2026-01-17T21:28:32.3612300Z [7/18] Write swift-version-73E8E62AFEAB1DAF.txt
2026-01-17T21:28:34.9252360Z [8/18] Compiling Date&Time&DateTime.cpp
2026-01-17T21:28:34.9353410Z [9/18] Compiling Node.cpp
2026-01-17T21:28:35.7946130Z [10/22] Compiling Table.cpp
2026-01-17T21:28:36.7580900Z [11/22] Compiling Conversion.cpp
2026-01-17T21:28:36.7702190Z [11/22] Write sources
2026-01-17T21:28:37.8353910Z [14/24] Compiling Array.cpp
2026-01-17T21:28:39.1218960Z [16/44] Emitting module ArgumentParserToolInfo
2026-01-17T21:28:39.1221010Z [17/44] Compiling ArgumentParserToolInfo ToolInfo.swift
2026-01-17T21:28:39.3056710Z [18/44] Compiling TOMLKit InternalTOMLDecoder.swift
2026-01-17T21:28:39.3158780Z [19/44] Compiling TOMLKit KeyedDecodingContainerProtocol.swift
2026-01-17T21:28:39.4799430Z [20/80] Compiling Logging MetadataProvider.swift
2026-01-17T21:28:39.6320640Z [21/80] Compiling Logging Logging.swift
2026-01-17T21:28:39.6372290Z [22/80] Emitting module Logging
2026-01-17T21:28:49.5478150Z [23/80] Emitting module TOMLKit
2026-01-17T21:28:50.6023420Z [24/89] Emitting module ArgumentParser
2026-01-17T21:28:52.7319770Z [25/106] Compiling ArgumentParser Flag.swift
2026-01-17T21:28:52.7421190Z [26/106] Compiling ArgumentParser NameSpecification.swift
2026-01-17T21:28:52.7557420Z [27/106] Compiling ArgumentParser Option.swift
2026-01-17T21:28:52.7691430Z [28/106] Compiling ArgumentParser OptionGroup.swift
2026-01-17T21:28:52.7803120Z [29/106] Compiling ArgumentParser ParentCommand.swift
2026-01-17T21:28:52.7938190Z [30/106] Compiling ArgumentParser AsyncParsableCommand.swift
2026-01-17T21:28:52.8179910Z [31/106] Compiling ArgumentParser CommandConfiguration.swift
2026-01-17T21:28:52.8348610Z [32/106] Compiling ArgumentParser CommandGroup.swift
2026-01-17T21:28:52.8484430Z [33/106] Compiling ArgumentParser EnumerableFlag.swift
2026-01-17T21:28:52.8617140Z [34/106] Compiling ArgumentParser BashCompletionsGenerator.swift
2026-01-17T21:28:52.8733960Z [35/106] Compiling ArgumentParser CompletionsGenerator.swift
2026-01-17T21:28:52.8835010Z [36/106] Compiling ArgumentParser FishCompletionsGenerator.swift
2026-01-17T21:28:52.8937780Z [37/106] Compiling ArgumentParser ZshCompletionsGenerator.swift
2026-01-17T21:28:52.9039920Z [38/106] Compiling ArgumentParser Argument.swift
2026-01-17T21:28:52.9142290Z [39/106] Compiling ArgumentParser ArgumentDiscussion.swift
2026-01-17T21:28:52.9241620Z [40/106] Compiling ArgumentParser ArgumentHelp.swift
2026-01-17T21:28:52.9342910Z [41/106] Compiling ArgumentParser ArgumentVisibility.swift
2026-01-17T21:28:52.9443650Z [42/106] Compiling ArgumentParser CompletionKind.swift
2026-01-17T21:28:52.9544280Z [43/106] Compiling ArgumentParser Errors.swift
2026-01-17T21:28:52.9645190Z [44/106] Compiling TOMLKit TOMLTableIterator.swift
2026-01-17T21:28:52.9745930Z [45/106] Compiling TOMLKit TOMLValueConvertible+Int.swift
2026-01-17T21:28:52.9846130Z [46/106] Compiling TOMLKit TOMLValueConvertible.swift
2026-01-17T21:28:52.9946850Z [47/106] Compiling TOMLKit TOMLCodingKey.swift
2026-01-17T21:28:53.0047530Z [48/106] Compiling TOMLKit TOMLParseError.swift
2026-01-17T21:28:53.0148130Z [49/106] Compiling TOMLKit TOMLType.swift
2026-01-17T21:28:53.0248940Z [50/106] Compiling TOMLKit TOMLValue+Initializers.swift
2026-01-17T21:28:53.0349040Z [51/106] Compiling TOMLKit TOMLValue.swift
2026-01-17T21:28:53.0449520Z [52/106] Compiling TOMLKit ValueOptions.swift
2026-01-17T21:28:54.0870680Z [53/108] Compiling ArgumentParser HelpCommand.swift
2026-01-17T21:28:54.0971260Z [54/108] Compiling ArgumentParser HelpGenerator.swift
2026-01-17T21:28:54.1071700Z [55/108] Compiling ArgumentParser MessageInfo.swift
2026-01-17T21:28:54.1173760Z [56/108] Compiling ArgumentParser UsageGenerator.swift
2026-01-17T21:28:54.1276740Z [57/108] Compiling ArgumentParser CollectionExtensions.swift
2026-01-17T21:28:54.1376960Z [58/108] Compiling ArgumentParser Foundation.swift
2026-01-17T21:28:54.1388360Z [59/108] Compiling ArgumentParser Mutex.swift
2026-01-17T21:28:54.1388900Z [60/108] Compiling ArgumentParser Platform.swift
2026-01-17T21:28:54.1389480Z [61/108] Compiling ArgumentParser SequenceExtensions.swift
2026-01-17T21:28:54.1389940Z [62/108] Compiling ArgumentParser StringExtensions.swift
2026-01-17T21:28:54.1390450Z [63/108] Compiling ArgumentParser SwiftExtensions.swift
2026-01-17T21:28:54.1391260Z [64/108] Compiling ArgumentParser Tree.swift
2026-01-17T21:28:54.1391660Z [65/108] Compiling ArgumentParser CodingKeyValidator.swift
2026-01-17T21:28:54.1392180Z [66/108] Compiling ArgumentParser NonsenseFlagsValidator.swift
2026-01-17T21:28:54.1392760Z [67/108] Compiling ArgumentParser ParsableArgumentsValidation.swift
2026-01-17T21:28:54.1393280Z [68/108] Compiling ArgumentParser PositionalArgumentsValidator.swift
2026-01-17T21:28:54.1393790Z [69/108] Compiling ArgumentParser UniqueNamesValidator.swift
2026-01-17T21:28:54.2836330Z [98/108] Compiling ArgumentParser Name.swift
2026-01-17T21:28:54.2837010Z [99/108] Compiling ArgumentParser Parsed.swift
2026-01-17T21:28:54.2837500Z [100/108] Compiling ArgumentParser ParsedValues.swift
2026-01-17T21:28:54.2837950Z [101/108] Compiling ArgumentParser ParserError.swift
2026-01-17T21:28:54.2838480Z [102/108] Compiling ArgumentParser SplitArguments.swift
2026-01-17T21:28:54.2838900Z [103/108] Compiling ArgumentParser DumpHelpGenerator.swift
2026-01-17T21:28:55.1826290Z [104/108] Compiling ControlKit ControlKit.swift
2026-01-17T21:28:55.2294550Z [105/108] Emitting module ControlKit
2026-01-17T21:29:05.8600840Z [106/140] Compiling Control ConfigCommand.swift
2026-01-17T21:29:05.8694560Z [107/140] Compiling Control ConsistencyCommand.swift
2026-01-17T21:29:05.8695640Z [108/140] Compiling Control DaemonCommand.swift
2026-01-17T21:29:05.8697320Z [109/140] Compiling Control InputCommand.swift
2026-01-17T21:29:05.8698520Z [110/140] Compiling Control PermissionCommand.swift
2026-01-17T21:29:05.8699060Z [111/140] Compiling Control StatusCommand.swift
2026-01-17T21:29:05.8699500Z [112/140] Compiling Control WindowCommand.swift
2026-01-17T21:29:05.8700310Z [113/140] Compiling Control Control.swift
2026-01-17T21:29:05.8703260Z [114/140] Compiling Control ControlDaemon.swift
2026-01-17T21:29:05.8703600Z [115/140] Compiling Control EventListener.swift
2026-01-17T21:29:05.8704000Z [116/140] Compiling Control PulseMonitor.swift
2026-01-17T21:29:05.8704420Z [117/140] Compiling Control StateManager.swift
2026-01-17T21:29:05.8704770Z [118/140] Compiling Control AccelerationManager.swift
2026-01-17T21:29:05.8723380Z [119/140] Compiling Control GestureMapper.swift
2026-01-17T21:29:05.8723910Z [120/140] Compiling Control InputManager.swift
2026-01-17T21:29:05.8724430Z [121/140] Compiling Control MouseController.swift
2026-01-17T21:29:05.8929800Z [122/155] Emitting module Control
2026-01-17T21:29:05.8930270Z [123/155] Compiling Control ScrollController.swift
2026-01-17T21:29:05.8933130Z /Users/runner/work/control/control/src/Control/Modules/PermissionFlow/QuarantineHandler.swift:87:30: warning: 'init(cString:)' is deprecated: Use String(decoding: array, as: UTF8.self) instead, after truncating the null termination.
2026-01-17T21:29:05.8934370Z  85 |         
2026-01-17T21:29:05.8934660Z  86 |         // Parse quarantine data
2026-01-17T21:29:05.8935110Z  87 |         let quarantineData = String(cString: buffer)
2026-01-17T21:29:05.8942680Z     |                              `- warning: 'init(cString:)' is deprecated: Use String(decoding: array, as: UTF8.self) instead, after truncating the null termination.
2026-01-17T21:29:05.8943390Z  88 |         let (origin, date) = parseQuarantineData(quarantineData)
2026-01-17T21:29:05.8943840Z  89 |         
2026-01-17T21:29:05.8943970Z 
2026-01-17T21:29:05.8946470Z /Users/runner/work/control/control/src/Control/Modules/PermissionFlow/TCCManager.swift:327:28: warning: 'NSUserNotification' was deprecated in macOS 11.0: All NSUserNotifications API should be replaced with UserNotifications.frameworks API
2026-01-17T21:29:05.8948610Z 325 |     private func showGuidanceNotification(for type: PermissionType) {
2026-01-17T21:29:05.8949170Z 326 |         // Use user notification center
2026-01-17T21:29:05.8951150Z 327 |         let notification = NSUserNotification()
2026-01-17T21:29:05.8951860Z     |                            `- warning: 'NSUserNotification' was deprecated in macOS 11.0: All NSUserNotifications API should be replaced with UserNotifications.frameworks API
2026-01-17T21:29:05.8952610Z 328 |         notification.title = "Grant Permission Required"
2026-01-17T21:29:05.8953190Z 329 |         notification.informativeText = "Please grant \(type.displayName) permission in the opened System Settings window."
2026-01-17T21:29:05.8953670Z 
2026-01-17T21:29:05.8959720Z /Users/runner/work/control/control/src/Control/Modules/PermissionFlow/TCCManager.swift:330:34: warning: 'NSUserNotificationDefaultSoundName' was deprecated in macOS 11.0: All NSUserNotifications API should be replaced with UserNotifications.frameworks API
2026-01-17T21:29:05.8966250Z 328 |         notification.title = "Grant Permission Required"
2026-01-17T21:29:05.8966890Z 329 |         notification.informativeText = "Please grant \(type.displayName) permission in the opened System Settings window."
2026-01-17T21:29:05.8967500Z 330 |         notification.soundName = NSUserNotificationDefaultSoundName
2026-01-17T21:29:05.8968350Z     |                                  `- warning: 'NSUserNotificationDefaultSoundName' was deprecated in macOS 11.0: All NSUserNotifications API should be replaced with UserNotifications.frameworks API
2026-01-17T21:29:05.8969060Z 331 |         
2026-01-17T21:29:05.8969740Z 332 |         NSUserNotificationCenter.default.deliver(notification)
2026-01-17T21:29:05.8970020Z 
2026-01-17T21:29:05.8970890Z /Users/runner/work/control/control/src/Control/Modules/PermissionFlow/TCCManager.swift:332:9: warning: 'NSUserNotificationCenter' was deprecated in macOS 11.0: All NSUserNotifications API should be replaced with UserNotifications.frameworks API
2026-01-17T21:29:05.8971890Z 330 |         notification.soundName = NSUserNotificationDefaultSoundName
2026-01-17T21:29:05.8972330Z 331 |         
2026-01-17T21:29:05.8972650Z 332 |         NSUserNotificationCenter.default.deliver(notification)
2026-01-17T21:29:05.8973360Z     |         `- warning: 'NSUserNotificationCenter' was deprecated in macOS 11.0: All NSUserNotifications API should be replaced with UserNotifications.frameworks API
2026-01-17T21:29:05.8974030Z 333 |     }
2026-01-17T21:29:05.8974250Z 334 | }
2026-01-17T21:29:05.8975900Z 
2026-01-17T21:29:05.8978880Z /Users/runner/work/control/control/src/Control/Modules/UIConsistency/IconNormalizer.swift:155:45: warning: 'absolutePathForApplication(withBundleIdentifier:)' was deprecated in macOS 11.0: Use -[NSWorkspace URLForApplicationWithBundleIdentifier:] instead.
2026-01-17T21:29:05.8979980Z 153 |     /// Get icon for an app by bundle ID
2026-01-17T21:29:05.8980380Z 154 |     private func iconForApp(_ bundleId: String) -> NSImage? {
2026-01-17T21:29:05.8982420Z 155 |         guard let path = NSWorkspace.shared.absolutePathForApplication(
2026-01-17T21:29:05.8983210Z     |                                             `- warning: 'absolutePathForApplication(withBundleIdentifier:)' was deprecated in macOS 11.0: Use -[NSWorkspace URLForApplicationWithBundleIdentifier:] instead.
2026-01-17T21:29:05.8984100Z 156 |             withBundleIdentifier: bundleId
2026-01-17T21:29:05.8984480Z 157 |         ) else {
2026-01-17T21:29:05.8984670Z 
2026-01-17T21:29:05.9031400Z /Users/runner/work/control/control/src/Control/Modules/WindowManager/DisplayPersistence.swift:315:21: warning: initialization of immutable value 'timestamp' was never used; consider replacing with assignment to '_' or removing it
2026-01-17T21:29:05.9133420Z 313 |                 let height = CGFloat(sqlite3_column_double(statement, 3))
2026-01-17T21:29:05.9190500Z 314 |                 let displayId = UInt32(sqlite3_column_int(statement, 4))
2026-01-17T21:29:05.9192220Z 315 |                 let timestamp = Date(timeIntervalSince1970: TimeInterval(sqlite3_column_int64(statement, 5)))
2026-01-17T21:29:05.9193020Z     |                     `- warning: initialization of immutable value 'timestamp' was never used; consider replacing with assignment to '_' or removing it
2026-01-17T21:29:05.9193620Z 316 |                 
2026-01-17T21:29:05.9194050Z 317 |                 result = SavedWindowPosition(
2026-01-17T21:29:06.0614900Z [124/155] Compiling Control PermissionManager.swift
2026-01-17T21:29:06.0616040Z /Users/runner/work/control/control/src/Control/Modules/PermissionFlow/QuarantineHandler.swift:87:30: warning: 'init(cString:)' is deprecated: Use String(decoding: array, as: UTF8.self) instead, after truncating the null termination.
2026-01-17T21:29:06.0617080Z  85 |         
2026-01-17T21:29:06.0617480Z  86 |         // Parse quarantine data
2026-01-17T21:29:06.0617860Z  87 |         let quarantineData = String(cString: buffer)
2026-01-17T21:29:06.0619340Z     |                              `- warning: 'init(cString:)' is deprecated: Use String(decoding: array, as: UTF8.self) instead, after truncating the null termination.
2026-01-17T21:29:06.0620650Z  88 |         let (origin, date) = parseQuarantineData(quarantineData)
2026-01-17T21:29:06.0627780Z  89 |         
2026-01-17T21:29:06.0627930Z 
2026-01-17T21:29:06.0628720Z /Users/runner/work/control/control/src/Control/Modules/PermissionFlow/TCCManager.swift:327:28: warning: 'NSUserNotification' was deprecated in macOS 11.0: All NSUserNotifications API should be replaced with UserNotifications.frameworks API
2026-01-17T21:29:06.0629740Z 325 |     private func showGuidanceNotification(for type: PermissionType) {
2026-01-17T21:29:06.0630660Z 326 |         // Use user notification center
2026-01-17T21:29:06.0631020Z 327 |         let notification = NSUserNotification()
2026-01-17T21:29:06.0631690Z     |                            `- warning: 'NSUserNotification' was deprecated in macOS 11.0: All NSUserNotifications API should be replaced with UserNotifications.frameworks API
2026-01-17T21:29:06.0632440Z 328 |         notification.title = "Grant Permission Required"
2026-01-17T21:29:06.0633120Z 329 |         notification.informativeText = "Please grant \(type.displayName) permission in the opened System Settings window."
2026-01-17T21:29:06.0633550Z 
2026-01-17T21:29:06.0634410Z /Users/runner/work/control/control/src/Control/Modules/PermissionFlow/TCCManager.swift:330:34: warning: 'NSUserNotificationDefaultSoundName' was deprecated in macOS 11.0: All NSUserNotifications API should be replaced with UserNotifications.frameworks API
2026-01-17T21:29:06.0635500Z 328 |         notification.title = "Grant Permission Required"
2026-01-17T21:29:06.0636070Z 329 |         notification.informativeText = "Please grant \(type.displayName) permission in the opened System Settings window."
2026-01-17T21:29:06.0636720Z 330 |         notification.soundName = NSUserNotificationDefaultSoundName
2026-01-17T21:29:06.0637530Z     |                                  `- warning: 'NSUserNotificationDefaultSoundName' was deprecated in macOS 11.0: All NSUserNotifications API should be replaced with UserNotifications.frameworks API
2026-01-17T21:29:06.0638490Z 331 |         
2026-01-17T21:29:06.0641140Z 332 |         NSUserNotificationCenter.default.deliver(notification)
2026-01-17T21:29:06.0641460Z 
2026-01-17T21:29:06.0642140Z /Users/runner/work/control/control/src/Control/Modules/PermissionFlow/TCCManager.swift:332:9: warning: 'NSUserNotificationCenter' was deprecated in macOS 11.0: All NSUserNotifications API should be replaced with UserNotifications.frameworks API
2026-01-17T21:29:06.0643140Z 330 |         notification.soundName = NSUserNotificationDefaultSoundName
2026-01-17T21:29:06.0643560Z 331 |         
2026-01-17T21:29:06.0643870Z 332 |         NSUserNotificationCenter.default.deliver(notification)
2026-01-17T21:29:06.0644640Z     |         `- warning: 'NSUserNotificationCenter' was deprecated in macOS 11.0: All NSUserNotifications API should be replaced with UserNotifications.frameworks API
2026-01-17T21:29:06.0645630Z 333 |     }
2026-01-17T21:29:06.0645840Z 334 | }
2026-01-17T21:29:06.0646030Z 
2026-01-17T21:29:06.0646840Z /Users/runner/work/control/control/src/Control/Modules/UIConsistency/IconNormalizer.swift:155:45: warning: 'absolutePathForApplication(withBundleIdentifier:)' was deprecated in macOS 11.0: Use -[NSWorkspace URLForApplicationWithBundleIdentifier:] instead.
2026-01-17T21:29:06.0647870Z 153 |     /// Get icon for an app by bundle ID
2026-01-17T21:29:06.0648240Z 154 |     private func iconForApp(_ bundleId: String) -> NSImage? {
2026-01-17T21:29:06.0648780Z 155 |         guard let path = NSWorkspace.shared.absolutePathForApplication(
2026-01-17T21:29:06.0649570Z     |                                             `- warning: 'absolutePathForApplication(withBundleIdentifier:)' was deprecated in macOS 11.0: Use -[NSWorkspace URLForApplicationWithBundleIdentifier:] instead.
2026-01-17T21:29:06.0650290Z 156 |             withBundleIdentifier: bundleId
2026-01-17T21:29:06.0650630Z 157 |         ) else {
2026-01-17T21:29:06.0650920Z 
2026-01-17T21:29:06.0651600Z /Users/runner/work/control/control/src/Control/Modules/WindowManager/DisplayPersistence.swift:315:21: warning: initialization of immutable value 'timestamp' was never used; consider replacing with assignment to '_' or removing it
2026-01-17T21:29:06.0652490Z 313 |                 let height = CGFloat(sqlite3_column_double(statement, 3))
2026-01-17T21:29:06.0652920Z 314 |                 let displayId = UInt32(sqlite3_column_int(statement, 4))
2026-01-17T21:29:06.0653650Z 315 |                 let timestamp = Date(timeIntervalSince1970: TimeInterval(sqlite3_column_int64(statement, 5)))
2026-01-17T21:29:06.0654660Z     |                     `- warning: initialization of immutable value 'timestamp' was never used; consider replacing with assignment to '_' or removing it
2026-01-17T21:29:06.0655260Z 316 |                 
2026-01-17T21:29:06.0655660Z 317 |                 result = SavedWindowPosition(
2026-01-17T21:29:06.2281520Z [125/155] Compiling Control QuarantineHandler.swift
2026-01-17T21:29:06.2282630Z /Users/runner/work/control/control/src/Control/Modules/PermissionFlow/QuarantineHandler.swift:87:30: warning: 'init(cString:)' is deprecated: Use String(decoding: array, as: UTF8.self) instead, after truncating the null termination.
2026-01-17T21:29:06.2283630Z  85 |         
2026-01-17T21:29:06.2283860Z  86 |         // Parse quarantine data
2026-01-17T21:29:06.2284250Z  87 |         let quarantineData = String(cString: buffer)
2026-01-17T21:29:06.2284950Z     |                              `- warning: 'init(cString:)' is deprecated: Use String(decoding: array, as: UTF8.self) instead, after truncating the null termination.
2026-01-17T21:29:06.2285580Z  88 |         let (origin, date) = parseQuarantineData(quarantineData)
2026-01-17T21:29:06.2286020Z  89 |         
2026-01-17T21:29:06.2286240Z 
2026-01-17T21:29:06.2287000Z /Users/runner/work/control/control/src/Control/Modules/PermissionFlow/TCCManager.swift:327:28: warning: 'NSUserNotification' was deprecated in macOS 11.0: All NSUserNotifications API should be replaced with UserNotifications.frameworks API
2026-01-17T21:29:06.2287980Z 325 |     private func showGuidanceNotification(for type: PermissionType) {
2026-01-17T21:29:06.2288390Z 326 |         // Use user notification center
2026-01-17T21:29:06.2288820Z 327 |         let notification = NSUserNotification()
2026-01-17T21:29:06.2289500Z     |                            `- warning: 'NSUserNotification' was deprecated in macOS 11.0: All NSUserNotifications API should be replaced with UserNotifications.frameworks API
2026-01-17T21:29:06.2290170Z 328 |         notification.title = "Grant Permission Required"
2026-01-17T21:29:06.2290760Z 329 |         notification.informativeText = "Please grant \(type.displayName) permission in the opened System Settings window."
2026-01-17T21:29:06.2291580Z 
2026-01-17T21:29:06.2292350Z /Users/runner/work/control/control/src/Control/Modules/PermissionFlow/TCCManager.swift:330:34: warning: 'NSUserNotificationDefaultSoundName' was deprecated in macOS 11.0: All NSUserNotifications API should be replaced with UserNotifications.frameworks API
2026-01-17T21:29:06.2293360Z 328 |         notification.title = "Grant Permission Required"
2026-01-17T21:29:06.2293950Z 329 |         notification.informativeText = "Please grant \(type.displayName) permission in the opened System Settings window."
2026-01-17T21:29:06.2294530Z 330 |         notification.soundName = NSUserNotificationDefaultSoundName
2026-01-17T21:29:06.2295350Z     |                                  `- warning: 'NSUserNotificationDefaultSoundName' was deprecated in macOS 11.0: All NSUserNotifications API should be replaced with UserNotifications.frameworks API
2026-01-17T21:29:06.2296030Z 331 |         
2026-01-17T21:29:06.2296390Z 332 |         NSUserNotificationCenter.default.deliver(notification)
2026-01-17T21:29:06.2301830Z 
2026-01-17T21:29:06.2302550Z /Users/runner/work/control/control/src/Control/Modules/PermissionFlow/TCCManager.swift:332:9: warning: 'NSUserNotificationCenter' was deprecated in macOS 11.0: All NSUserNotifications API should be replaced with UserNotifications.frameworks API
2026-01-17T21:29:06.2303550Z 330 |         notification.soundName = NSUserNotificationDefaultSoundName
2026-01-17T21:29:06.2303910Z 331 |         
2026-01-17T21:29:06.2304230Z 332 |         NSUserNotificationCenter.default.deliver(notification)
2026-01-17T21:29:06.2304990Z     |         `- warning: 'NSUserNotificationCenter' was deprecated in macOS 11.0: All NSUserNotifications API should be replaced with UserNotifications.frameworks API
2026-01-17T21:29:06.2305630Z 333 |     }
2026-01-17T21:29:06.2305850Z 334 | }
2026-01-17T21:29:06.2306240Z 
2026-01-17T21:29:06.2306970Z /Users/runner/work/control/control/src/Control/Modules/UIConsistency/IconNormalizer.swift:155:45: warning: 'absolutePathForApplication(withBundleIdentifier:)' was deprecated in macOS 11.0: Use -[NSWorkspace URLForApplicationWithBundleIdentifier:] instead.
2026-01-17T21:29:06.2307970Z 153 |     /// Get icon for an app by bundle ID
2026-01-17T21:29:06.2308350Z 154 |     private func iconForApp(_ bundleId: String) -> NSImage? {
2026-01-17T21:29:06.2308820Z 155 |         guard let path = NSWorkspace.shared.absolutePathForApplication(
2026-01-17T21:29:06.2309760Z     |                                             `- warning: 'absolutePathForApplication(withBundleIdentifier:)' was deprecated in macOS 11.0: Use -[NSWorkspace URLForApplicationWithBundleIdentifier:] instead.
2026-01-17T21:29:06.2310450Z 156 |             withBundleIdentifier: bundleId
2026-01-17T21:29:06.2310750Z 157 |         ) else {
2026-01-17T21:29:06.2310930Z 
2026-01-17T21:29:06.2311620Z /Users/runner/work/control/control/src/Control/Modules/WindowManager/DisplayPersistence.swift:315:21: warning: initialization of immutable value 'timestamp' was never used; consider replacing with assignment to '_' or removing it
2026-01-17T21:29:06.2312500Z 313 |                 let height = CGFloat(sqlite3_column_double(statement, 3))
2026-01-17T21:29:06.2312930Z 314 |                 let displayId = UInt32(sqlite3_column_int(statement, 4))
2026-01-17T21:29:06.2313500Z 315 |                 let timestamp = Date(timeIntervalSince1970: TimeInterval(sqlite3_column_int64(statement, 5)))
2026-01-17T21:29:06.2314270Z     |                     `- warning: initialization of immutable value 'timestamp' was never used; consider replacing with assignment to '_' or removing it
2026-01-17T21:29:06.2314860Z 316 |                 
2026-01-17T21:29:06.2315130Z 317 |                 result = SavedWindowPosition(
2026-01-17T21:29:06.4099820Z [126/155] Compiling Control TCCManager.swift
2026-01-17T21:29:06.4201520Z /Users/runner/work/control/control/src/Control/Modules/PermissionFlow/QuarantineHandler.swift:87:30: warning: 'init(cString:)' is deprecated: Use String(decoding: array, as: UTF8.self) instead, after truncating the null termination.
2026-01-17T21:29:06.4303520Z  85 |         
2026-01-17T21:29:06.4404370Z  86 |         // Parse quarantine data
2026-01-17T21:29:06.4505400Z  87 |         let quarantineData = String(cString: buffer)
2026-01-17T21:29:06.4606760Z     |                              `- warning: 'init(cString:)' is deprecated: Use String(decoding: array, as: UTF8.self) instead, after truncating the null termination.
2026-01-17T21:29:06.4664240Z  88 |         let (origin, date) = parseQuarantineData(quarantineData)
2026-01-17T21:29:06.4702740Z  89 |         
2026-01-17T21:29:06.4713820Z 
2026-01-17T21:29:06.4757500Z /Users/runner/work/control/control/src/Control/Modules/PermissionFlow/TCCManager.swift:327:28: warning: 'NSUserNotification' was deprecated in macOS 11.0: All NSUserNotifications API should be replaced with UserNotifications.frameworks API
2026-01-17T21:29:06.4863870Z 325 |     private func showGuidanceNotification(for type: PermissionType) {
2026-01-17T21:29:06.4965070Z 326 |         // Use user notification center
2026-01-17T21:29:06.4975250Z 327 |         let notification = NSUserNotification()
2026-01-17T21:29:06.5009850Z     |                            `- warning: 'NSUserNotification' was deprecated in macOS 11.0: All NSUserNotifications API should be replaced with UserNotifications.frameworks API
2026-01-17T21:29:06.5079130Z 328 |         notification.title = "Grant Permission Required"
2026-01-17T21:29:06.5122970Z 329 |         notification.informativeText = "Please grant \(type.displayName) permission in the opened System Settings window."
2026-01-17T21:29:06.5192870Z 
2026-01-17T21:29:06.5225260Z /Users/runner/work/control/control/src/Control/Modules/PermissionFlow/TCCManager.swift:330:34: warning: 'NSUserNotificationDefaultSoundName' was deprecated in macOS 11.0: All NSUserNotifications API should be replaced with UserNotifications.frameworks API
2026-01-17T21:29:06.5262910Z 328 |         notification.title = "Grant Permission Required"
2026-01-17T21:29:06.5364210Z 329 |         notification.informativeText = "Please grant \(type.displayName) permission in the opened System Settings window."
2026-01-17T21:29:06.5386270Z 330 |         notification.soundName = NSUserNotificationDefaultSoundName
2026-01-17T21:29:06.5420230Z     |                                  `- warning: 'NSUserNotificationDefaultSoundName' was deprecated in macOS 11.0: All NSUserNotifications API should be replaced with UserNotifications.frameworks API
2026-01-17T21:29:06.5474280Z 331 |         
2026-01-17T21:29:06.5506840Z 332 |         NSUserNotificationCenter.default.deliver(notification)
2026-01-17T21:29:06.5590170Z 
2026-01-17T21:29:06.5648620Z /Users/runner/work/control/control/src/Control/Modules/PermissionFlow/TCCManager.swift:332:9: warning: 'NSUserNotificationCenter' was deprecated in macOS 11.0: All NSUserNotifications API should be replaced with UserNotifications.frameworks API
2026-01-17T21:29:06.5657100Z 330 |         notification.soundName = NSUserNotificationDefaultSoundName
2026-01-17T21:29:06.5657490Z 331 |         
2026-01-17T21:29:06.5657840Z 332 |         NSUserNotificationCenter.default.deliver(notification)
2026-01-17T21:29:06.5660340Z     |         `- warning: 'NSUserNotificationCenter' was deprecated in macOS 11.0: All NSUserNotifications API should be replaced with UserNotifications.frameworks API
2026-01-17T21:29:06.5701030Z 333 |     }
2026-01-17T21:29:06.5701360Z 334 | }
2026-01-17T21:29:06.5701500Z 
2026-01-17T21:29:06.5702290Z /Users/runner/work/control/control/src/Control/Modules/UIConsistency/IconNormalizer.swift:155:45: warning: 'absolutePathForApplication(withBundleIdentifier:)' was deprecated in macOS 11.0: Use -[NSWorkspace URLForApplicationWithBundleIdentifier:] instead.
2026-01-17T21:29:06.5703400Z 153 |     /// Get icon for an app by bundle ID
2026-01-17T21:29:06.5703850Z 154 |     private func iconForApp(_ bundleId: String) -> NSImage? {
2026-01-17T21:29:06.5704320Z 155 |         guard let path = NSWorkspace.shared.absolutePathForApplication(
2026-01-17T21:29:06.5705060Z     |                                             `- warning: 'absolutePathForApplication(withBundleIdentifier:)' was deprecated in macOS 11.0: Use -[NSWorkspace URLForApplicationWithBundleIdentifier:] instead.
2026-01-17T21:29:06.5798980Z 156 |             withBundleIdentifier: bundleId
2026-01-17T21:29:06.5805120Z 157 |         ) else {
2026-01-17T21:29:06.5805300Z 
2026-01-17T21:29:06.5806330Z /Users/runner/work/control/control/src/Control/Modules/WindowManager/DisplayPersistence.swift:315:21: warning: initialization of immutable value 'timestamp' was never used; consider replacing with assignment to '_' or removing it
2026-01-17T21:29:06.5831200Z 313 |                 let height = CGFloat(sqlite3_column_double(statement, 3))
2026-01-17T21:29:06.5831780Z 314 |                 let displayId = UInt32(sqlite3_column_int(statement, 4))
2026-01-17T21:29:06.5856100Z 315 |                 let timestamp = Date(timeIntervalSince1970: TimeInterval(sqlite3_column_int64(statement, 5)))
2026-01-17T21:29:06.5862480Z     |                     `- warning: initialization of immutable value 'timestamp' was never used; consider replacing with assignment to '_' or removing it
2026-01-17T21:29:06.5863200Z 316 |                 
2026-01-17T21:29:06.5863490Z 317 |                 result = SavedWindowPosition(
2026-01-17T21:29:06.5863890Z [127/155] Compiling Control TrustListManager.swift
2026-01-17T21:29:06.5864780Z /Users/runner/work/control/control/src/Control/Modules/PermissionFlow/QuarantineHandler.swift:87:30: warning: 'init(cString:)' is deprecated: Use String(decoding: array, as: UTF8.self) instead, after truncating the null termination.
2026-01-17T21:29:06.5879080Z  85 |         
2026-01-17T21:29:06.5879410Z  86 |         // Parse quarantine data
2026-01-17T21:29:06.5879780Z  87 |         let quarantineData = String(cString: buffer)
2026-01-17T21:29:06.5881730Z     |                              `- warning: 'init(cString:)' is deprecated: Use String(decoding: array, as: UTF8.self) instead, after truncating the null termination.
2026-01-17T21:29:06.5891320Z  88 |         let (origin, date) = parseQuarantineData(quarantineData)
2026-01-17T21:29:06.5894770Z  89 |         
2026-01-17T21:29:06.5894960Z 
2026-01-17T21:29:06.5895690Z /Users/runner/work/control/control/src/Control/Modules/PermissionFlow/TCCManager.swift:327:28: warning: 'NSUserNotification' was deprecated in macOS 11.0: All NSUserNotifications API should be replaced with UserNotifications.frameworks API
2026-01-17T21:29:06.5896640Z 325 |     private func showGuidanceNotification(for type: PermissionType) {
2026-01-17T21:29:06.5897070Z 326 |         // Use user notification center
2026-01-17T21:29:06.5897410Z 327 |         let notification = NSUserNotification()
2026-01-17T21:29:06.5898090Z     |                            `- warning: 'NSUserNotification' was deprecated in macOS 11.0: All NSUserNotifications API should be replaced with UserNotifications.frameworks API
2026-01-17T21:29:06.5898760Z 328 |         notification.title = "Grant Permission Required"
2026-01-17T21:29:06.5899400Z 329 |         notification.informativeText = "Please grant \(type.displayName) permission in the opened System Settings window."
2026-01-17T21:29:06.5899820Z 
2026-01-17T21:29:06.5900580Z /Users/runner/work/control/control/src/Control/Modules/PermissionFlow/TCCManager.swift:330:34: warning: 'NSUserNotificationDefaultSoundName' was deprecated in macOS 11.0: All NSUserNotifications API should be replaced with UserNotifications.frameworks API
2026-01-17T21:29:06.5901550Z 328 |         notification.title = "Grant Permission Required"
2026-01-17T21:29:06.5902190Z 329 |         notification.informativeText = "Please grant \(type.displayName) permission in the opened System Settings window."
2026-01-17T21:29:06.5902790Z 330 |         notification.soundName = NSUserNotificationDefaultSoundName
2026-01-17T21:29:06.5903560Z     |                                  `- warning: 'NSUserNotificationDefaultSoundName' was deprecated in macOS 11.0: All NSUserNotifications API should be replaced with UserNotifications.frameworks API
2026-01-17T21:29:06.5905000Z 331 |         
2026-01-17T21:29:06.5905300Z 332 |         NSUserNotificationCenter.default.deliver(notification)
2026-01-17T21:29:06.5905610Z 
2026-01-17T21:29:06.5906290Z /Users/runner/work/control/control/src/Control/Modules/PermissionFlow/TCCManager.swift:332:9: warning: 'NSUserNotificationCenter' was deprecated in macOS 11.0: All NSUserNotifications API should be replaced with UserNotifications.frameworks API
2026-01-17T21:29:06.5907200Z 330 |         notification.soundName = NSUserNotificationDefaultSoundName
2026-01-17T21:29:06.5907550Z 331 |         
2026-01-17T21:29:06.5907910Z 332 |         NSUserNotificationCenter.default.deliver(notification)
2026-01-17T21:29:06.5908550Z     |         `- warning: 'NSUserNotificationCenter' was deprecated in macOS 11.0: All NSUserNotifications API should be replaced with UserNotifications.frameworks API
2026-01-17T21:29:06.5909150Z 333 |     }
2026-01-17T21:29:06.5909410Z 334 | }
2026-01-17T21:29:06.5909520Z 
2026-01-17T21:29:06.5910290Z /Users/runner/work/control/control/src/Control/Modules/UIConsistency/IconNormalizer.swift:155:45: warning: 'absolutePathForApplication(withBundleIdentifier:)' was deprecated in macOS 11.0: Use -[NSWorkspace URLForApplicationWithBundleIdentifier:] instead.
2026-01-17T21:29:06.5911230Z 153 |     /// Get icon for an app by bundle ID
2026-01-17T21:29:06.5911640Z 154 |     private func iconForApp(_ bundleId: String) -> NSImage? {
2026-01-17T21:29:06.5912100Z 155 |         guard let path = NSWorkspace.shared.absolutePathForApplication(
2026-01-17T21:29:06.5912900Z     |                                             `- warning: 'absolutePathForApplication(withBundleIdentifier:)' was deprecated in macOS 11.0: Use -[NSWorkspace URLForApplicationWithBundleIdentifier:] instead.
2026-01-17T21:29:06.5913920Z 156 |             withBundleIdentifier: bundleId
2026-01-17T21:29:06.5914230Z 157 |         ) else {
2026-01-17T21:29:06.5914440Z 
2026-01-17T21:29:06.5915070Z /Users/runner/work/control/control/src/Control/Modules/WindowManager/DisplayPersistence.swift:315:21: warning: initialization of immutable value 'timestamp' was never used; consider replacing with assignment to '_' or removing it
2026-01-17T21:29:06.5916080Z 313 |                 let height = CGFloat(sqlite3_column_double(statement, 3))
2026-01-17T21:29:06.5916580Z 314 |                 let displayId = UInt32(sqlite3_column_int(statement, 4))
2026-01-17T21:29:06.5917130Z 315 |                 let timestamp = Date(timeIntervalSince1970: TimeInterval(sqlite3_column_int64(statement, 5)))
2026-01-17T21:29:06.5917910Z     |                     `- warning: initialization of immutable value 'timestamp' was never used; consider replacing with assignment to '_' or removing it
2026-01-17T21:29:06.5918460Z 316 |                 
2026-01-17T21:29:06.5918740Z 317 |                 result = SavedWindowPosition(
2026-01-17T21:29:06.7566360Z [128/155] Compiling Control IconNormalizer.swift
2026-01-17T21:29:06.7567450Z /Users/runner/work/control/control/src/Control/Modules/PermissionFlow/QuarantineHandler.swift:87:30: warning: 'init(cString:)' is deprecated: Use String(decoding: array, as: UTF8.self) instead, after truncating the null termination.
2026-01-17T21:29:06.7568430Z  85 |         
2026-01-17T21:29:06.7568720Z  86 |         // Parse quarantine data
2026-01-17T21:29:06.7569100Z  87 |         let quarantineData = String(cString: buffer)
2026-01-17T21:29:06.7569800Z     |                              `- warning: 'init(cString:)' is deprecated: Use String(decoding: array, as: UTF8.self) instead, after truncating the null termination.
2026-01-17T21:29:06.7570460Z  88 |         let (origin, date) = parseQuarantineData(quarantineData)
2026-01-17T21:29:06.7570870Z  89 |         
2026-01-17T21:29:06.7571020Z 
2026-01-17T21:29:06.7571750Z /Users/runner/work/control/control/src/Control/Modules/PermissionFlow/TCCManager.swift:327:28: warning: 'NSUserNotification' was deprecated in macOS 11.0: All NSUserNotifications API should be replaced with UserNotifications.frameworks API
2026-01-17T21:29:06.7573240Z 325 |     private func showGuidanceNotification(for type: PermissionType) {
2026-01-17T21:29:06.7573650Z 326 |         // Use user notification center
2026-01-17T21:29:06.7574000Z 327 |         let notification = NSUserNotification()
2026-01-17T21:29:06.7574700Z     |                            `- warning: 'NSUserNotification' was deprecated in macOS 11.0: All NSUserNotifications API should be replaced with UserNotifications.frameworks API
2026-01-17T21:29:06.7575390Z 328 |         notification.title = "Grant Permission Required"
2026-01-17T21:29:06.7576000Z 329 |         notification.informativeText = "Please grant \(type.displayName) permission in the opened System Settings window."
2026-01-17T21:29:06.7576410Z 
2026-01-17T21:29:06.7577170Z /Users/runner/work/control/control/src/Control/Modules/PermissionFlow/TCCManager.swift:330:34: warning: 'NSUserNotificationDefaultSoundName' was deprecated in macOS 11.0: All NSUserNotifications API should be replaced with UserNotifications.frameworks API
2026-01-17T21:29:06.7578140Z 328 |         notification.title = "Grant Permission Required"
2026-01-17T21:29:06.7578720Z 329 |         notification.informativeText = "Please grant \(type.displayName) permission in the opened System Settings window."
2026-01-17T21:29:06.7579370Z 330 |         notification.soundName = NSUserNotificationDefaultSoundName
2026-01-17T21:29:06.7580150Z     |                                  `- warning: 'NSUserNotificationDefaultSoundName' was deprecated in macOS 11.0: All NSUserNotifications API should be replaced with UserNotifications.frameworks API
2026-01-17T21:29:06.7580790Z 331 |         
2026-01-17T21:29:06.7581080Z 332 |         NSUserNotificationCenter.default.deliver(notification)
2026-01-17T21:29:06.7581360Z 
2026-01-17T21:29:06.7582330Z /Users/runner/work/control/control/src/Control/Modules/PermissionFlow/TCCManager.swift:332:9: warning: 'NSUserNotificationCenter' was deprecated in macOS 11.0: All NSUserNotifications API should be replaced with UserNotifications.frameworks API
2026-01-17T21:29:06.7583320Z 330 |         notification.soundName = NSUserNotificationDefaultSoundName
2026-01-17T21:29:06.7583730Z 331 |         
2026-01-17T21:29:06.7584040Z 332 |         NSUserNotificationCenter.default.deliver(notification)
2026-01-17T21:29:06.7584740Z     |         `- warning: 'NSUserNotificationCenter' was deprecated in macOS 11.0: All NSUserNotifications API should be replaced with UserNotifications.frameworks API
2026-01-17T21:29:06.7585390Z 333 |     }
2026-01-17T21:29:06.7585610Z 334 | }
2026-01-17T21:29:06.7585790Z 
2026-01-17T21:29:06.7586560Z /Users/runner/work/control/control/src/Control/Modules/UIConsistency/IconNormalizer.swift:155:45: warning: 'absolutePathForApplication(withBundleIdentifier:)' was deprecated in macOS 11.0: Use -[NSWorkspace URLForApplicationWithBundleIdentifier:] instead.
2026-01-17T21:29:06.7587500Z 153 |     /// Get icon for an app by bundle ID
2026-01-17T21:29:06.7587870Z 154 |     private func iconForApp(_ bundleId: String) -> NSImage? {
2026-01-17T21:29:06.7588380Z 155 |         guard let path = NSWorkspace.shared.absolutePathForApplication(
2026-01-17T21:29:06.7589170Z     |                                             `- warning: 'absolutePathForApplication(withBundleIdentifier:)' was deprecated in macOS 11.0: Use -[NSWorkspace URLForApplicationWithBundleIdentifier:] instead.
2026-01-17T21:29:06.7589910Z 156 |             withBundleIdentifier: bundleId
2026-01-17T21:29:06.7590270Z 157 |         ) else {
2026-01-17T21:29:06.7590440Z 
2026-01-17T21:29:06.7591150Z /Users/runner/work/control/control/src/Control/Modules/WindowManager/DisplayPersistence.swift:315:21: warning: initialization of immutable value 'timestamp' was never used; consider replacing with assignment to '_' or removing it
2026-01-17T21:29:06.7592110Z 313 |                 let height = CGFloat(sqlite3_column_double(statement, 3))
2026-01-17T21:29:06.7592590Z 314 |                 let displayId = UInt32(sqlite3_column_int(statement, 4))
2026-01-17T21:29:06.7593130Z 315 |                 let timestamp = Date(timeIntervalSince1970: TimeInterval(sqlite3_column_int64(statement, 5)))
2026-01-17T21:29:06.7594140Z     |                     `- warning: initialization of immutable value 'timestamp' was never used; consider replacing with assignment to '_' or removing it
2026-01-17T21:29:06.7594730Z 316 |                 
2026-01-17T21:29:06.7595010Z 317 |                 result = SavedWindowPosition(
2026-01-17T21:29:06.9237910Z [129/155] Compiling Control MenuBarManager.swift
2026-01-17T21:29:06.9238890Z /Users/runner/work/control/control/src/Control/Modules/PermissionFlow/QuarantineHandler.swift:87:30: warning: 'init(cString:)' is deprecated: Use String(decoding: array, as: UTF8.self) instead, after truncating the null termination.
2026-01-17T21:29:06.9239690Z  85 |         
2026-01-17T21:29:06.9239900Z  86 |         // Parse quarantine data
2026-01-17T21:29:06.9240170Z  87 |         let quarantineData = String(cString: buffer)
2026-01-17T21:29:06.9240720Z     |                              `- warning: 'init(cString:)' is deprecated: Use String(decoding: array, as: UTF8.self) instead, after truncating the null termination.
2026-01-17T21:29:06.9241290Z  88 |         let (origin, date) = parseQuarantineData(quarantineData)
2026-01-17T21:29:06.9241580Z  89 |         
2026-01-17T21:29:06.9241700Z 
2026-01-17T21:29:06.9242360Z /Users/runner/work/control/control/src/Control/Modules/PermissionFlow/TCCManager.swift:327:28: warning: 'NSUserNotification' was deprecated in macOS 11.0: All NSUserNotifications API should be replaced with UserNotifications.frameworks API
2026-01-17T21:29:06.9243240Z 325 |     private func showGuidanceNotification(for type: PermissionType) {
2026-01-17T21:29:06.9243590Z 326 |         // Use user notification center
2026-01-17T21:29:06.9243870Z 327 |         let notification = NSUserNotification()
2026-01-17T21:29:06.9244970Z     |                            `- warning: 'NSUserNotification' was deprecated in macOS 11.0: All NSUserNotifications API should be replaced with UserNotifications.frameworks API
2026-01-17T21:29:06.9245650Z 328 |         notification.title = "Grant Permission Required"
2026-01-17T21:29:06.9246160Z 329 |         notification.informativeText = "Please grant \(type.displayName) permission in the opened System Settings window."
2026-01-17T21:29:06.9246580Z 
2026-01-17T21:29:06.9247290Z /Users/runner/work/control/control/src/Control/Modules/PermissionFlow/TCCManager.swift:330:34: warning: 'NSUserNotificationDefaultSoundName' was deprecated in macOS 11.0: All NSUserNotifications API should be replaced with UserNotifications.frameworks API
2026-01-17T21:29:06.9248180Z 328 |         notification.title = "Grant Permission Required"
2026-01-17T21:29:06.9248680Z 329 |         notification.informativeText = "Please grant \(type.displayName) permission in the opened System Settings window."
2026-01-17T21:29:06.9249230Z 330 |         notification.soundName = NSUserNotificationDefaultSoundName
2026-01-17T21:29:06.9249940Z     |                                  `- warning: 'NSUserNotificationDefaultSoundName' was deprecated in macOS 11.0: All NSUserNotifications API should be replaced with UserNotifications.frameworks API
2026-01-17T21:29:06.9250550Z 331 |         
2026-01-17T21:29:06.9250800Z 332 |         NSUserNotificationCenter.default.deliver(notification)
2026-01-17T21:29:06.9251060Z 
2026-01-17T21:29:06.9251730Z /Users/runner/work/control/control/src/Control/Modules/PermissionFlow/TCCManager.swift:332:9: warning: 'NSUserNotificationCenter' was deprecated in macOS 11.0: All NSUserNotifications API should be replaced with UserNotifications.frameworks API
2026-01-17T21:29:06.9252620Z 330 |         notification.soundName = NSUserNotificationDefaultSoundName
2026-01-17T21:29:06.9252920Z 331 |         
2026-01-17T21:29:06.9253170Z 332 |         NSUserNotificationCenter.default.deliver(notification)
2026-01-17T21:29:06.9253800Z     |         `- warning: 'NSUserNotificationCenter' was deprecated in macOS 11.0: All NSUserNotifications API should be replaced with UserNotifications.frameworks API
2026-01-17T21:29:06.9254560Z 333 |     }
2026-01-17T21:29:06.9254710Z 334 | }
2026-01-17T21:29:06.9254820Z 
2026-01-17T21:29:06.9255540Z /Users/runner/work/control/control/src/Control/Modules/UIConsistency/IconNormalizer.swift:155:45: warning: 'absolutePathForApplication(withBundleIdentifier:)' was deprecated in macOS 11.0: Use -[NSWorkspace URLForApplicationWithBundleIdentifier:] instead.
2026-01-17T21:29:06.9256410Z 153 |     /// Get icon for an app by bundle ID
2026-01-17T21:29:06.9256720Z 154 |     private func iconForApp(_ bundleId: String) -> NSImage? {
2026-01-17T21:29:06.9257110Z 155 |         guard let path = NSWorkspace.shared.absolutePathForApplication(
2026-01-17T21:29:06.9257830Z     |                                             `- warning: 'absolutePathForApplication(withBundleIdentifier:)' was deprecated in macOS 11.0: Use -[NSWorkspace URLForApplicationWithBundleIdentifier:] instead.
2026-01-17T21:29:06.9258480Z 156 |             withBundleIdentifier: bundleId
2026-01-17T21:29:06.9258720Z 157 |         ) else {
2026-01-17T21:29:06.9258850Z 
2026-01-17T21:29:06.9259510Z /Users/runner/work/control/control/src/Control/Modules/WindowManager/DisplayPersistence.swift:315:21: warning: initialization of immutable value 'timestamp' was never used; consider replacing with assignment to '_' or removing it
2026-01-17T21:29:06.9260390Z 313 |                 let height = CGFloat(sqlite3_column_double(statement, 3))
2026-01-17T21:29:06.9260760Z 314 |                 let displayId = UInt32(sqlite3_column_int(statement, 4))
2026-01-17T21:29:06.9261240Z 315 |                 let timestamp = Date(timeIntervalSince1970: TimeInterval(sqlite3_column_int64(statement, 5)))
2026-01-17T21:29:06.9262070Z     |                     `- warning: initialization of immutable value 'timestamp' was never used; consider replacing with assignment to '_' or removing it
2026-01-17T21:29:06.9262570Z 316 |                 
2026-01-17T21:29:06.9262780Z 317 |                 result = SavedWindowPosition(
2026-01-17T21:29:07.0898420Z [130/155] Compiling Control ThemeEngine.swift
2026-01-17T21:29:07.0899740Z /Users/runner/work/control/control/src/Control/Modules/PermissionFlow/QuarantineHandler.swift:87:30: warning: 'init(cString:)' is deprecated: Use String(decoding: array, as: UTF8.self) instead, after truncating the null termination.
2026-01-17T21:29:07.0900580Z  85 |         
2026-01-17T21:29:07.0900810Z  86 |         // Parse quarantine data
2026-01-17T21:29:07.0901130Z  87 |         let quarantineData = String(cString: buffer)
2026-01-17T21:29:07.0901720Z     |                              `- warning: 'init(cString:)' is deprecated: Use String(decoding: array, as: UTF8.self) instead, after truncating the null termination.
2026-01-17T21:29:07.0902340Z  88 |         let (origin, date) = parseQuarantineData(quarantineData)
2026-01-17T21:29:07.0902700Z  89 |         
2026-01-17T21:29:07.0902860Z 
2026-01-17T21:29:07.0903570Z /Users/runner/work/control/control/src/Control/Modules/PermissionFlow/TCCManager.swift:327:28: warning: 'NSUserNotification' was deprecated in macOS 11.0: All NSUserNotifications API should be replaced with UserNotifications.frameworks API
2026-01-17T21:29:07.0904520Z 325 |     private func showGuidanceNotification(for type: PermissionType) {
2026-01-17T21:29:07.0904900Z 326 |         // Use user notification center
2026-01-17T21:29:07.0905220Z 327 |         let notification = NSUserNotification()
2026-01-17T21:29:07.0905860Z     |                            `- warning: 'NSUserNotification' was deprecated in macOS 11.0: All NSUserNotifications API should be replaced with UserNotifications.frameworks API
2026-01-17T21:29:07.0906510Z 328 |         notification.title = "Grant Permission Required"
2026-01-17T21:29:07.0907070Z 329 |         notification.informativeText = "Please grant \(type.displayName) permission in the opened System Settings window."
2026-01-17T21:29:07.0907520Z 
2026-01-17T21:29:07.0908280Z /Users/runner/work/control/control/src/Control/Modules/PermissionFlow/TCCManager.swift:330:34: warning: 'NSUserNotificationDefaultSoundName' was deprecated in macOS 11.0: All NSUserNotifications API should be replaced with UserNotifications.frameworks API
2026-01-17T21:29:07.0909710Z 328 |         notification.title = "Grant Permission Required"
2026-01-17T21:29:07.0910260Z 329 |         notification.informativeText = "Please grant \(type.displayName) permission in the opened System Settings window."
2026-01-17T21:29:07.0910850Z 330 |         notification.soundName = NSUserNotificationDefaultSoundName
2026-01-17T21:29:07.0911600Z     |                                  `- warning: 'NSUserNotificationDefaultSoundName' was deprecated in macOS 11.0: All NSUserNotifications API should be replaced with UserNotifications.frameworks API
2026-01-17T21:29:07.0912250Z 331 |         
2026-01-17T21:29:07.0912550Z 332 |         NSUserNotificationCenter.default.deliver(notification)
2026-01-17T21:29:07.0912840Z 
2026-01-17T21:29:07.0913560Z /Users/runner/work/control/control/src/Control/Modules/PermissionFlow/TCCManager.swift:332:9: warning: 'NSUserNotificationCenter' was deprecated in macOS 11.0: All NSUserNotifications API should be replaced with UserNotifications.frameworks API
2026-01-17T21:29:07.0914500Z 330 |         notification.soundName = NSUserNotificationDefaultSoundName
2026-01-17T21:29:07.0914840Z 331 |         
2026-01-17T21:29:07.0915130Z 332 |         NSUserNotificationCenter.default.deliver(notification)
2026-01-17T21:29:07.0915810Z     |         `- warning: 'NSUserNotificationCenter' was deprecated in macOS 11.0: All NSUserNotifications API should be replaced with UserNotifications.frameworks API
2026-01-17T21:29:07.0916400Z 333 |     }
2026-01-17T21:29:07.0916600Z 334 | }
2026-01-17T21:29:07.0916750Z 
2026-01-17T21:29:07.0917800Z /Users/runner/work/control/control/src/Control/Modules/UIConsistency/IconNormalizer.swift:155:45: warning: 'absolutePathForApplication(withBundleIdentifier:)' was deprecated in macOS 11.0: Use -[NSWorkspace URLForApplicationWithBundleIdentifier:] instead.
2026-01-17T21:29:07.0918770Z 153 |     /// Get icon for an app by bundle ID
2026-01-17T21:29:07.0919130Z 154 |     private func iconForApp(_ bundleId: String) -> NSImage? {
2026-01-17T21:29:07.0919570Z 155 |         guard let path = NSWorkspace.shared.absolutePathForApplication(
2026-01-17T21:29:07.0920340Z     |                                             `- warning: 'absolutePathForApplication(withBundleIdentifier:)' was deprecated in macOS 11.0: Use -[NSWorkspace URLForApplicationWithBundleIdentifier:] instead.
2026-01-17T21:29:07.0921030Z 156 |             withBundleIdentifier: bundleId
2026-01-17T21:29:07.0921300Z 157 |         ) else {
2026-01-17T21:29:07.0921480Z 
2026-01-17T21:29:07.0922160Z /Users/runner/work/control/control/src/Control/Modules/WindowManager/DisplayPersistence.swift:315:21: warning: initialization of immutable value 'timestamp' was never used; consider replacing with assignment to '_' or removing it
2026-01-17T21:29:07.0923040Z 313 |                 let height = CGFloat(sqlite3_column_double(statement, 3))
2026-01-17T21:29:07.0923460Z 314 |                 let displayId = UInt32(sqlite3_column_int(statement, 4))
2026-01-17T21:29:07.0923980Z 315 |                 let timestamp = Date(timeIntervalSince1970: TimeInterval(sqlite3_column_int64(statement, 5)))
2026-01-17T21:29:07.0924740Z     |                     `- warning: initialization of immutable value 'timestamp' was never used; consider replacing with assignment to '_' or removing it
2026-01-17T21:29:07.0925280Z 316 |                 
2026-01-17T21:29:07.0925530Z 317 |                 result = SavedWindowPosition(
2026-01-17T21:29:07.2559620Z [131/155] Compiling Control UIHarmonizer.swift
2026-01-17T21:29:07.2561000Z /Users/runner/work/control/control/src/Control/Modules/PermissionFlow/QuarantineHandler.swift:87:30: warning: 'init(cString:)' is deprecated: Use String(decoding: array, as: UTF8.self) instead, after truncating the null termination.
2026-01-17T21:29:07.2561890Z  85 |         
2026-01-17T21:29:07.2562130Z  86 |         // Parse quarantine data
2026-01-17T21:29:07.2562760Z  87 |         let quarantineData = String(cString: buffer)
2026-01-17T21:29:07.2563360Z     |                              `- warning: 'init(cString:)' is deprecated: Use String(decoding: array, as: UTF8.self) instead, after truncating the null termination.
2026-01-17T21:29:07.2563970Z  88 |         let (origin, date) = parseQuarantineData(quarantineData)
2026-01-17T21:29:07.2564310Z  89 |         
2026-01-17T21:29:07.2564470Z 
2026-01-17T21:29:07.2565190Z /Users/runner/work/control/control/src/Control/Modules/PermissionFlow/TCCManager.swift:327:28: warning: 'NSUserNotification' was deprecated in macOS 11.0: All NSUserNotifications API should be replaced with UserNotifications.frameworks API
2026-01-17T21:29:07.2566110Z 325 |     private func showGuidanceNotification(for type: PermissionType) {
2026-01-17T21:29:07.2566500Z 326 |         // Use user notification center
2026-01-17T21:29:07.2566830Z 327 |         let notification = NSUserNotification()
2026-01-17T21:29:07.2567460Z     |                            `- warning: 'NSUserNotification' was deprecated in macOS 11.0: All NSUserNotifications API should be replaced with UserNotifications.frameworks API
2026-01-17T21:29:07.2568140Z 328 |         notification.title = "Grant Permission Required"
2026-01-17T21:29:07.2568690Z 329 |         notification.informativeText = "Please grant \(type.displayName) permission in the opened System Settings window."
2026-01-17T21:29:07.2569150Z 
2026-01-17T21:29:07.2569900Z /Users/runner/work/control/control/src/Control/Modules/PermissionFlow/TCCManager.swift:330:34: warning: 'NSUserNotificationDefaultSoundName' was deprecated in macOS 11.0: All NSUserNotifications API should be replaced with UserNotifications.frameworks API
2026-01-17T21:29:07.2570840Z 328 |         notification.title = "Grant Permission Required"
2026-01-17T21:29:07.2571610Z 329 |         notification.informativeText = "Please grant \(type.displayName) permission in the opened System Settings window."
2026-01-17T21:29:07.2572220Z 330 |         notification.soundName = NSUserNotificationDefaultSoundName
2026-01-17T21:29:07.2572990Z     |                                  `- warning: 'NSUserNotificationDefaultSoundName' was deprecated in macOS 11.0: All NSUserNotifications API should be replaced with UserNotifications.frameworks API
2026-01-17T21:29:07.2573640Z 331 |         
2026-01-17T21:29:07.2573930Z 332 |         NSUserNotificationCenter.default.deliver(notification)
2026-01-17T21:29:07.2574240Z 
2026-01-17T21:29:07.2574960Z /Users/runner/work/control/control/src/Control/Modules/PermissionFlow/TCCManager.swift:332:9: warning: 'NSUserNotificationCenter' was deprecated in macOS 11.0: All NSUserNotifications API should be replaced with UserNotifications.frameworks API
2026-01-17T21:29:07.2575890Z 330 |         notification.soundName = NSUserNotificationDefaultSoundName
2026-01-17T21:29:07.2576240Z 331 |         
2026-01-17T21:29:07.2576540Z 332 |         NSUserNotificationCenter.default.deliver(notification)
2026-01-17T21:29:07.2577220Z     |         `- warning: 'NSUserNotificationCenter' was deprecated in macOS 11.0: All NSUserNotifications API should be replaced with UserNotifications.frameworks API
2026-01-17T21:29:07.2577820Z 333 |     }
2026-01-17T21:29:07.2578010Z 334 | }
2026-01-17T21:29:07.2578160Z 
2026-01-17T21:29:07.2578920Z /Users/runner/work/control/control/src/Control/Modules/UIConsistency/IconNormalizer.swift:155:45: warning: 'absolutePathForApplication(withBundleIdentifier:)' was deprecated in macOS 11.0: Use -[NSWorkspace URLForApplicationWithBundleIdentifier:] instead.
2026-01-17T21:29:07.2579840Z 153 |     /// Get icon for an app by bundle ID
2026-01-17T21:29:07.2580200Z 154 |     private func iconForApp(_ bundleId: String) -> NSImage? {
2026-01-17T21:29:07.2580650Z 155 |         guard let path = NSWorkspace.shared.absolutePathForApplication(
2026-01-17T21:29:07.2581560Z     |                                             `- warning: 'absolutePathForApplication(withBundleIdentifier:)' was deprecated in macOS 11.0: Use -[NSWorkspace URLForApplicationWithBundleIdentifier:] instead.
2026-01-17T21:29:07.2582450Z 156 |             withBundleIdentifier: bundleId
2026-01-17T21:29:07.2582750Z 157 |         ) else {
2026-01-17T21:29:07.2582930Z 
2026-01-17T21:29:07.2583600Z /Users/runner/work/control/control/src/Control/Modules/WindowManager/DisplayPersistence.swift:315:21: warning: initialization of immutable value 'timestamp' was never used; consider replacing with assignment to '_' or removing it
2026-01-17T21:29:07.2585020Z 313 |                 let height = CGFloat(sqlite3_column_double(statement, 3))
2026-01-17T21:29:07.2585490Z 314 |                 let displayId = UInt32(sqlite3_column_int(statement, 4))
2026-01-17T21:29:07.2586020Z 315 |                 let timestamp = Date(timeIntervalSince1970: TimeInterval(sqlite3_column_int64(statement, 5)))
2026-01-17T21:29:07.2586800Z     |                     `- warning: initialization of immutable value 'timestamp' was never used; consider replacing with assignment to '_' or removing it
2026-01-17T21:29:07.2587350Z 316 |                 
2026-01-17T21:29:07.2587610Z 317 |                 result = SavedWindowPosition(
2026-01-17T21:29:07.4183060Z [132/155] Compiling Control CornerGrabFixer.swift
2026-01-17T21:29:07.4184180Z /Users/runner/work/control/control/src/Control/Modules/PermissionFlow/QuarantineHandler.swift:87:30: warning: 'init(cString:)' is deprecated: Use String(decoding: array, as: UTF8.self) instead, after truncating the null termination.
2026-01-17T21:29:07.4185060Z  85 |         
2026-01-17T21:29:07.4185280Z  86 |         // Parse quarantine data
2026-01-17T21:29:07.4185610Z  87 |         let quarantineData = String(cString: buffer)
2026-01-17T21:29:07.4186640Z     |                              `- warning: 'init(cString:)' is deprecated: Use String(decoding: array, as: UTF8.self) instead, after truncating the null termination.
2026-01-17T21:29:07.4187290Z  88 |         let (origin, date) = parseQuarantineData(quarantineData)
2026-01-17T21:29:07.4187620Z  89 |         
2026-01-17T21:29:07.4187800Z 
2026-01-17T21:29:07.4188510Z /Users/runner/work/control/control/src/Control/Modules/PermissionFlow/TCCManager.swift:327:28: warning: 'NSUserNotification' was deprecated in macOS 11.0: All NSUserNotifications API should be replaced with UserNotifications.frameworks API
2026-01-17T21:29:07.4189440Z 325 |     private func showGuidanceNotification(for type: PermissionType) {
2026-01-17T21:29:07.4189830Z 326 |         // Use user notification center
2026-01-17T21:29:07.4190150Z 327 |         let notification = NSUserNotification()
2026-01-17T21:29:07.4190790Z     |                            `- warning: 'NSUserNotification' was deprecated in macOS 11.0: All NSUserNotifications API should be replaced with UserNotifications.frameworks API
2026-01-17T21:29:07.4191450Z 328 |         notification.title = "Grant Permission Required"
2026-01-17T21:29:07.4192010Z 329 |         notification.informativeText = "Please grant \(type.displayName) permission in the opened System Settings window."
2026-01-17T21:29:07.4192470Z 
2026-01-17T21:29:07.4193230Z /Users/runner/work/control/control/src/Control/Modules/PermissionFlow/TCCManager.swift:330:34: warning: 'NSUserNotificationDefaultSoundName' was deprecated in macOS 11.0: All NSUserNotifications API should be replaced with UserNotifications.frameworks API
2026-01-17T21:29:07.4194180Z 328 |         notification.title = "Grant Permission Required"
2026-01-17T21:29:07.4194730Z 329 |         notification.informativeText = "Please grant \(type.displayName) permission in the opened System Settings window."
2026-01-17T21:29:07.4195330Z 330 |         notification.soundName = NSUserNotificationDefaultSoundName
2026-01-17T21:29:07.4196080Z     |                                  `- warning: 'NSUserNotificationDefaultSoundName' was deprecated in macOS 11.0: All NSUserNotifications API should be replaced with UserNotifications.frameworks API
2026-01-17T21:29:07.4196730Z 331 |         
2026-01-17T21:29:07.4197020Z 332 |         NSUserNotificationCenter.default.deliver(notification)
2026-01-17T21:29:07.4197590Z 
2026-01-17T21:29:07.4202720Z /Users/runner/work/control/control/src/Control/Modules/PermissionFlow/TCCManager.swift:332:9: warning: 'NSUserNotificationCenter' was deprecated in macOS 11.0: All NSUserNotifications API should be replaced with UserNotifications.frameworks API
2026-01-17T21:29:07.4203670Z 330 |         notification.soundName = NSUserNotificationDefaultSoundName
2026-01-17T21:29:07.4204020Z 331 |         
2026-01-17T21:29:07.4204310Z 332 |         NSUserNotificationCenter.default.deliver(notification)
2026-01-17T21:29:07.4204990Z     |         `- warning: 'NSUserNotificationCenter' was deprecated in macOS 11.0: All NSUserNotifications API should be replaced with UserNotifications.frameworks API
2026-01-17T21:29:07.4205580Z 333 |     }
2026-01-17T21:29:07.4205780Z 334 | }
2026-01-17T21:29:07.4205940Z 
2026-01-17T21:29:07.4206720Z /Users/runner/work/control/control/src/Control/Modules/UIConsistency/IconNormalizer.swift:155:45: warning: 'absolutePathForApplication(withBundleIdentifier:)' was deprecated in macOS 11.0: Use -[NSWorkspace URLForApplicationWithBundleIdentifier:] instead.
2026-01-17T21:29:07.4207630Z 153 |     /// Get icon for an app by bundle ID
2026-01-17T21:29:07.4207970Z 154 |     private func iconForApp(_ bundleId: String) -> NSImage? {
2026-01-17T21:29:07.4208420Z 155 |         guard let path = NSWorkspace.shared.absolutePathForApplication(
2026-01-17T21:29:07.4209190Z     |                                             `- warning: 'absolutePathForApplication(withBundleIdentifier:)' was deprecated in macOS 11.0: Use -[NSWorkspace URLForApplicationWithBundleIdentifier:] instead.
2026-01-17T21:29:07.4209950Z 156 |             withBundleIdentifier: bundleId
2026-01-17T21:29:07.4210240Z 157 |         ) else {
2026-01-17T21:29:07.4210410Z 
2026-01-17T21:29:07.4211280Z /Users/runner/work/control/control/src/Control/Modules/WindowManager/DisplayPersistence.swift:315:21: warning: initialization of immutable value 'timestamp' was never used; consider replacing with assignment to '_' or removing it
2026-01-17T21:29:07.4212180Z 313 |                 let height = CGFloat(sqlite3_column_double(statement, 3))
2026-01-17T21:29:07.4212640Z 314 |                 let displayId = UInt32(sqlite3_column_int(statement, 4))
2026-01-17T21:29:07.4213190Z 315 |                 let timestamp = Date(timeIntervalSince1970: TimeInterval(sqlite3_column_int64(statement, 5)))
2026-01-17T21:29:07.4213970Z     |                     `- warning: initialization of immutable value 'timestamp' was never used; consider replacing with assignment to '_' or removing it
2026-01-17T21:29:07.4214500Z 316 |                 
2026-01-17T21:29:07.4214850Z 317 |                 result = SavedWindowPosition(
2026-01-17T21:29:07.5813030Z [133/155] Compiling Control DisplayPersistence.swift
2026-01-17T21:29:07.5814100Z /Users/runner/work/control/control/src/Control/Modules/PermissionFlow/QuarantineHandler.swift:87:30: warning: 'init(cString:)' is deprecated: Use String(decoding: array, as: UTF8.self) instead, after truncating the null termination.
2026-01-17T21:29:07.5815040Z  85 |         
2026-01-17T21:29:07.5815290Z  86 |         // Parse quarantine data
2026-01-17T21:29:07.5815770Z  87 |         let quarantineData = String(cString: buffer)
2026-01-17T21:29:07.5816490Z     |                              `- warning: 'init(cString:)' is deprecated: Use String(decoding: array, as: UTF8.self) instead, after truncating the null termination.
2026-01-17T21:29:07.5824000Z  88 |         let (origin, date) = parseQuarantineData(quarantineData)
2026-01-17T21:29:07.5824380Z  89 |         
2026-01-17T21:29:07.5824540Z 
2026-01-17T21:29:07.5825250Z /Users/runner/work/control/control/src/Control/Modules/PermissionFlow/TCCManager.swift:327:28: warning: 'NSUserNotification' was deprecated in macOS 11.0: All NSUserNotifications API should be replaced with UserNotifications.frameworks API
2026-01-17T21:29:07.5826180Z 325 |     private func showGuidanceNotification(for type: PermissionType) {
2026-01-17T21:29:07.5826580Z 326 |         // Use user notification center
2026-01-17T21:29:07.5827160Z 327 |         let notification = NSUserNotification()
2026-01-17T21:29:07.5827800Z     |                            `- warning: 'NSUserNotification' was deprecated in macOS 11.0: All NSUserNotifications API should be replaced with UserNotifications.frameworks API
2026-01-17T21:29:07.5828460Z 328 |         notification.title = "Grant Permission Required"
2026-01-17T21:29:07.5829010Z 329 |         notification.informativeText = "Please grant \(type.displayName) permission in the opened System Settings window."
2026-01-17T21:29:07.5829470Z 
2026-01-17T21:29:07.5830230Z /Users/runner/work/control/control/src/Control/Modules/PermissionFlow/TCCManager.swift:330:34: warning: 'NSUserNotificationDefaultSoundName' was deprecated in macOS 11.0: All NSUserNotifications API should be replaced with UserNotifications.frameworks API
2026-01-17T21:29:07.5831210Z 328 |         notification.title = "Grant Permission Required"
2026-01-17T21:29:07.5831770Z 329 |         notification.informativeText = "Please grant \(type.displayName) permission in the opened System Settings window."
2026-01-17T21:29:07.5832360Z 330 |         notification.soundName = NSUserNotificationDefaultSoundName
2026-01-17T21:29:07.5833110Z     |                                  `- warning: 'NSUserNotificationDefaultSoundName' was deprecated in macOS 11.0: All NSUserNotifications API should be replaced with UserNotifications.frameworks API
2026-01-17T21:29:07.5833760Z 331 |         
2026-01-17T21:29:07.5834050Z 332 |         NSUserNotificationCenter.default.deliver(notification)
2026-01-17T21:29:07.5834350Z 
2026-01-17T21:29:07.5835420Z /Users/runner/work/control/control/src/Control/Modules/PermissionFlow/TCCManager.swift:332:9: warning: 'NSUserNotificationCenter' was deprecated in macOS 11.0: All NSUserNotifications API should be replaced with UserNotifications.frameworks API
2026-01-17T21:29:07.5836410Z 330 |         notification.soundName = NSUserNotificationDefaultSoundName
2026-01-17T21:29:07.5836760Z 331 |         
2026-01-17T21:29:07.5837050Z 332 |         NSUserNotificationCenter.default.deliver(notification)
2026-01-17T21:29:07.5837730Z     |         `- warning: 'NSUserNotificationCenter' was deprecated in macOS 11.0: All NSUserNotifications API should be replaced with UserNotifications.frameworks API
2026-01-17T21:29:07.5838320Z 333 |     }
2026-01-17T21:29:07.5838520Z 334 | }
2026-01-17T21:29:07.5838670Z 
2026-01-17T21:29:07.5839440Z /Users/runner/work/control/control/src/Control/Modules/UIConsistency/IconNormalizer.swift:155:45: warning: 'absolutePathForApplication(withBundleIdentifier:)' was deprecated in macOS 11.0: Use -[NSWorkspace URLForApplicationWithBundleIdentifier:] instead.
2026-01-17T21:29:07.5840350Z 153 |     /// Get icon for an app by bundle ID
2026-01-17T21:29:07.5840700Z 154 |     private func iconForApp(_ bundleId: String) -> NSImage? {
2026-01-17T21:29:07.5841140Z 155 |         guard let path = NSWorkspace.shared.absolutePathForApplication(
2026-01-17T21:29:07.5841920Z     |                                             `- warning: 'absolutePathForApplication(withBundleIdentifier:)' was deprecated in macOS 11.0: Use -[NSWorkspace URLForApplicationWithBundleIdentifier:] instead.
2026-01-17T21:29:07.5842610Z 156 |             withBundleIdentifier: bundleId
2026-01-17T21:29:07.5842890Z 157 |         ) else {
2026-01-17T21:29:07.5843070Z 
2026-01-17T21:29:07.5843760Z /Users/runner/work/control/control/src/Control/Modules/WindowManager/DisplayPersistence.swift:315:21: warning: initialization of immutable value 'timestamp' was never used; consider replacing with assignment to '_' or removing it
2026-01-17T21:29:07.5844630Z 313 |                 let height = CGFloat(sqlite3_column_double(statement, 3))
2026-01-17T21:29:07.5845040Z 314 |                 let displayId = UInt32(sqlite3_column_int(statement, 4))
2026-01-17T21:29:07.5845560Z 315 |                 let timestamp = Date(timeIntervalSince1970: TimeInterval(sqlite3_column_int64(statement, 5)))
2026-01-17T21:29:07.5846340Z     |                     `- warning: initialization of immutable value 'timestamp' was never used; consider replacing with assignment to '_' or removing it
2026-01-17T21:29:07.5846970Z 316 |                 
2026-01-17T21:29:07.5847220Z 317 |                 result = SavedWindowPosition(
2026-01-17T21:29:07.7429880Z [134/155] Compiling Control SnapHandler.swift
2026-01-17T21:29:07.7430850Z /Users/runner/work/control/control/src/Control/Modules/PermissionFlow/QuarantineHandler.swift:87:30: warning: 'init(cString:)' is deprecated: Use String(decoding: array, as: UTF8.self) instead, after truncating the null termination.
2026-01-17T21:29:07.7431650Z  85 |         
2026-01-17T21:29:07.7431860Z  86 |         // Parse quarantine data
2026-01-17T21:29:07.7432140Z  87 |         let quarantineData = String(cString: buffer)
2026-01-17T21:29:07.7432710Z     |                              `- warning: 'init(cString:)' is deprecated: Use String(decoding: array, as: UTF8.self) instead, after truncating the null termination.
2026-01-17T21:29:07.7433290Z  88 |         let (origin, date) = parseQuarantineData(quarantineData)
2026-01-17T21:29:07.7433580Z  89 |         
2026-01-17T21:29:07.7433700Z 
2026-01-17T21:29:07.7434360Z /Users/runner/work/control/control/src/Control/Modules/PermissionFlow/TCCManager.swift:327:28: warning: 'NSUserNotification' was deprecated in macOS 11.0: All NSUserNotifications API should be replaced with UserNotifications.frameworks API
2026-01-17T21:29:07.7435260Z 325 |     private func showGuidanceNotification(for type: PermissionType) {
2026-01-17T21:29:07.7435610Z 326 |         // Use user notification center
2026-01-17T21:29:07.7435880Z 327 |         let notification = NSUserNotification()
2026-01-17T21:29:07.7436710Z     |                            `- warning: 'NSUserNotification' was deprecated in macOS 11.0: All NSUserNotifications API should be replaced with UserNotifications.frameworks API
2026-01-17T21:29:07.7437340Z 328 |         notification.title = "Grant Permission Required"
2026-01-17T21:29:07.7437860Z 329 |         notification.informativeText = "Please grant \(type.displayName) permission in the opened System Settings window."
2026-01-17T21:29:07.7438280Z 
2026-01-17T21:29:07.7439000Z /Users/runner/work/control/control/src/Control/Modules/PermissionFlow/TCCManager.swift:330:34: warning: 'NSUserNotificationDefaultSoundName' was deprecated in macOS 11.0: All NSUserNotifications API should be replaced with UserNotifications.frameworks API
2026-01-17T21:29:07.7439900Z 328 |         notification.title = "Grant Permission Required"
2026-01-17T21:29:07.7440410Z 329 |         notification.informativeText = "Please grant \(type.displayName) permission in the opened System Settings window."
2026-01-17T21:29:07.7440960Z 330 |         notification.soundName = NSUserNotificationDefaultSoundName
2026-01-17T21:29:07.7441660Z     |                                  `- warning: 'NSUserNotificationDefaultSoundName' was deprecated in macOS 11.0: All NSUserNotifications API should be replaced with UserNotifications.frameworks API
2026-01-17T21:29:07.7442290Z 331 |         
2026-01-17T21:29:07.7442540Z 332 |         NSUserNotificationCenter.default.deliver(notification)
2026-01-17T21:29:07.7442790Z 
2026-01-17T21:29:07.7443460Z /Users/runner/work/control/control/src/Control/Modules/PermissionFlow/TCCManager.swift:332:9: warning: 'NSUserNotificationCenter' was deprecated in macOS 11.0: All NSUserNotifications API should be replaced with UserNotifications.frameworks API
2026-01-17T21:29:07.7444360Z 330 |         notification.soundName = NSUserNotificationDefaultSoundName
2026-01-17T21:29:07.7444670Z 331 |         
2026-01-17T21:29:07.7444920Z 332 |         NSUserNotificationCenter.default.deliver(notification)
2026-01-17T21:29:07.7445560Z     |         `- warning: 'NSUserNotificationCenter' was deprecated in macOS 11.0: All NSUserNotifications API should be replaced with UserNotifications.frameworks API
2026-01-17T21:29:07.7446110Z 333 |     }
2026-01-17T21:29:07.7446270Z 334 | }
2026-01-17T21:29:07.7446380Z 
2026-01-17T21:29:07.7447360Z /Users/runner/work/control/control/src/Control/Modules/UIConsistency/IconNormalizer.swift:155:45: warning: 'absolutePathForApplication(withBundleIdentifier:)' was deprecated in macOS 11.0: Use -[NSWorkspace URLForApplicationWithBundleIdentifier:] instead.
2026-01-17T21:29:07.7448230Z 153 |     /// Get icon for an app by bundle ID
2026-01-17T21:29:07.7448540Z 154 |     private func iconForApp(_ bundleId: String) -> NSImage? {
2026-01-17T21:29:07.7449020Z 155 |         guard let path = NSWorkspace.shared.absolutePathForApplication(
2026-01-17T21:29:07.7449740Z     |                                             `- warning: 'absolutePathForApplication(withBundleIdentifier:)' was deprecated in macOS 11.0: Use -[NSWorkspace URLForApplicationWithBundleIdentifier:] instead.
2026-01-17T21:29:07.7450420Z 156 |             withBundleIdentifier: bundleId
2026-01-17T21:29:07.7450660Z 157 |         ) else {
2026-01-17T21:29:07.7450810Z 
2026-01-17T21:29:07.7451440Z /Users/runner/work/control/control/src/Control/Modules/WindowManager/DisplayPersistence.swift:315:21: warning: initialization of immutable value 'timestamp' was never used; consider replacing with assignment to '_' or removing it
2026-01-17T21:29:07.7452280Z 313 |                 let height = CGFloat(sqlite3_column_double(statement, 3))
2026-01-17T21:29:07.7452660Z 314 |                 let displayId = UInt32(sqlite3_column_int(statement, 4))
2026-01-17T21:29:07.7453140Z 315 |                 let timestamp = Date(timeIntervalSince1970: TimeInterval(sqlite3_column_int64(statement, 5)))
2026-01-17T21:29:07.7453880Z     |                     `- warning: initialization of immutable value 'timestamp' was never used; consider replacing with assignment to '_' or removing it
2026-01-17T21:29:07.7454380Z 316 |                 
2026-01-17T21:29:07.7454660Z 317 |                 result = SavedWindowPosition(
2026-01-17T21:29:07.9055570Z [135/155] Compiling Control TilingEngine.swift
2026-01-17T21:29:07.9156810Z /Users/runner/work/control/control/src/Control/Modules/PermissionFlow/QuarantineHandler.swift:87:30: warning: 'init(cString:)' is deprecated: Use String(decoding: array, as: UTF8.self) instead, after truncating the null termination.
2026-01-17T21:29:07.9257980Z  85 |         
2026-01-17T21:29:07.9345400Z  86 |         // Parse quarantine data
2026-01-17T21:29:07.9345750Z  87 |         let quarantineData = String(cString: buffer)
2026-01-17T21:29:07.9346330Z     |                              `- warning: 'init(cString:)' is deprecated: Use String(decoding: array, as: UTF8.self) instead, after truncating the null termination.
2026-01-17T21:29:07.9346920Z  88 |         let (origin, date) = parseQuarantineData(quarantineData)
2026-01-17T21:29:07.9347210Z  89 |         
2026-01-17T21:29:07.9347340Z 
2026-01-17T21:29:07.9348030Z /Users/runner/work/control/control/src/Control/Modules/PermissionFlow/TCCManager.swift:327:28: warning: 'NSUserNotification' was deprecated in macOS 11.0: All NSUserNotifications API should be replaced with UserNotifications.frameworks API
2026-01-17T21:29:07.9348960Z 325 |     private func showGuidanceNotification(for type: PermissionType) {
2026-01-17T21:29:07.9349310Z 326 |         // Use user notification center
2026-01-17T21:29:07.9349600Z 327 |         let notification = NSUserNotification()
2026-01-17T21:29:07.9350200Z     |                            `- warning: 'NSUserNotification' was deprecated in macOS 11.0: All NSUserNotifications API should be replaced with UserNotifications.frameworks API
2026-01-17T21:29:07.9350810Z 328 |         notification.title = "Grant Permission Required"
2026-01-17T21:29:07.9351330Z 329 |         notification.informativeText = "Please grant \(type.displayName) permission in the opened System Settings window."
2026-01-17T21:29:07.9351740Z 
2026-01-17T21:29:07.9352460Z /Users/runner/work/control/control/src/Control/Modules/PermissionFlow/TCCManager.swift:330:34: warning: 'NSUserNotificationDefaultSoundName' was deprecated in macOS 11.0: All NSUserNotifications API should be replaced with UserNotifications.frameworks API
2026-01-17T21:29:07.9353730Z 328 |         notification.title = "Grant Permission Required"
2026-01-17T21:29:07.9354240Z 329 |         notification.informativeText = "Please grant \(type.displayName) permission in the opened System Settings window."
2026-01-17T21:29:07.9354780Z 330 |         notification.soundName = NSUserNotificationDefaultSoundName
2026-01-17T21:29:07.9355490Z     |                                  `- warning: 'NSUserNotificationDefaultSoundName' was deprecated in macOS 11.0: All NSUserNotifications API should be replaced with UserNotifications.frameworks API
2026-01-17T21:29:07.9356100Z 331 |         
2026-01-17T21:29:07.9356350Z 332 |         NSUserNotificationCenter.default.deliver(notification)
2026-01-17T21:29:07.9356610Z 
2026-01-17T21:29:07.9357300Z /Users/runner/work/control/control/src/Control/Modules/PermissionFlow/TCCManager.swift:332:9: warning: 'NSUserNotificationCenter' was deprecated in macOS 11.0: All NSUserNotifications API should be replaced with UserNotifications.frameworks API
2026-01-17T21:29:07.9358340Z 330 |         notification.soundName = NSUserNotificationDefaultSoundName
2026-01-17T21:29:07.9358650Z 331 |         
2026-01-17T21:29:07.9358900Z 332 |         NSUserNotificationCenter.default.deliver(notification)
2026-01-17T21:29:07.9359540Z     |         `- warning: 'NSUserNotificationCenter' was deprecated in macOS 11.0: All NSUserNotifications API should be replaced with UserNotifications.frameworks API
2026-01-17T21:29:07.9360090Z 333 |     }
2026-01-17T21:29:07.9360270Z 334 | }
2026-01-17T21:29:07.9360380Z 
2026-01-17T21:29:07.9361210Z /Users/runner/work/control/control/src/Control/Modules/UIConsistency/IconNormalizer.swift:155:45: warning: 'absolutePathForApplication(withBundleIdentifier:)' was deprecated in macOS 11.0: Use -[NSWorkspace URLForApplicationWithBundleIdentifier:] instead.
2026-01-17T21:29:07.9362080Z 153 |     /// Get icon for an app by bundle ID
2026-01-17T21:29:07.9362390Z 154 |     private func iconForApp(_ bundleId: String) -> NSImage? {
2026-01-17T21:29:07.9362790Z 155 |         guard let path = NSWorkspace.shared.absolutePathForApplication(
2026-01-17T21:29:07.9363530Z     |                                             `- warning: 'absolutePathForApplication(withBundleIdentifier:)' was deprecated in macOS 11.0: Use -[NSWorkspace URLForApplicationWithBundleIdentifier:] instead.
2026-01-17T21:29:07.9364170Z 156 |             withBundleIdentifier: bundleId
2026-01-17T21:29:07.9364490Z 157 |         ) else {
2026-01-17T21:29:07.9364620Z 
2026-01-17T21:29:07.9365260Z /Users/runner/work/control/control/src/Control/Modules/WindowManager/DisplayPersistence.swift:315:21: warning: initialization of immutable value 'timestamp' was never used; consider replacing with assignment to '_' or removing it
2026-01-17T21:29:07.9366090Z 313 |                 let height = CGFloat(sqlite3_column_double(statement, 3))
2026-01-17T21:29:07.9366450Z 314 |                 let displayId = UInt32(sqlite3_column_int(statement, 4))
2026-01-17T21:29:07.9366940Z 315 |                 let timestamp = Date(timeIntervalSince1970: TimeInterval(sqlite3_column_int64(statement, 5)))
2026-01-17T21:29:07.9367690Z     |                     `- warning: initialization of immutable value 'timestamp' was never used; consider replacing with assignment to '_' or removing it
2026-01-17T21:29:07.9368180Z 316 |                 
2026-01-17T21:29:07.9368390Z 317 |                 result = SavedWindowPosition(
2026-01-17T21:29:08.0718960Z [136/155] Compiling Control WindowManager.swift
2026-01-17T21:29:08.0720040Z /Users/runner/work/control/control/src/Control/Modules/PermissionFlow/QuarantineHandler.swift:87:30: warning: 'init(cString:)' is deprecated: Use String(decoding: array, as: UTF8.self) instead, after truncating the null termination.
2026-01-17T21:29:08.0720880Z  85 |         
2026-01-17T21:29:08.0721130Z  86 |         // Parse quarantine data
2026-01-17T21:29:08.0721450Z  87 |         let quarantineData = String(cString: buffer)
2026-01-17T21:29:08.0722040Z     |                              `- warning: 'init(cString:)' is deprecated: Use String(decoding: array, as: UTF8.self) instead, after truncating the null termination.
2026-01-17T21:29:08.0722890Z  88 |         let (origin, date) = parseQuarantineData(quarantineData)
2026-01-17T21:29:08.0723220Z  89 |         
2026-01-17T21:29:08.0723390Z 
2026-01-17T21:29:08.0724100Z /Users/runner/work/control/control/src/Control/Modules/PermissionFlow/TCCManager.swift:327:28: warning: 'NSUserNotification' was deprecated in macOS 11.0: All NSUserNotifications API should be replaced with UserNotifications.frameworks API
2026-01-17T21:29:08.0725040Z 325 |     private func showGuidanceNotification(for type: PermissionType) {
2026-01-17T21:29:08.0725430Z 326 |         // Use user notification center
2026-01-17T21:29:08.0725750Z 327 |         let notification = NSUserNotification()
2026-01-17T21:29:08.0726390Z     |                            `- warning: 'NSUserNotification' was deprecated in macOS 11.0: All NSUserNotifications API should be replaced with UserNotifications.frameworks API
2026-01-17T21:29:08.0727050Z 328 |         notification.title = "Grant Permission Required"
2026-01-17T21:29:08.0727610Z 329 |         notification.informativeText = "Please grant \(type.displayName) permission in the opened System Settings window."
2026-01-17T21:29:08.0728060Z 
2026-01-17T21:29:08.0728820Z /Users/runner/work/control/control/src/Control/Modules/PermissionFlow/TCCManager.swift:330:34: warning: 'NSUserNotificationDefaultSoundName' was deprecated in macOS 11.0: All NSUserNotifications API should be replaced with UserNotifications.frameworks API
2026-01-17T21:29:08.0729760Z 328 |         notification.title = "Grant Permission Required"
2026-01-17T21:29:08.0730350Z 329 |         notification.informativeText = "Please grant \(type.displayName) permission in the opened System Settings window."
2026-01-17T21:29:08.0731090Z 330 |         notification.soundName = NSUserNotificationDefaultSoundName
2026-01-17T21:29:08.0731860Z     |                                  `- warning: 'NSUserNotificationDefaultSoundName' was deprecated in macOS 11.0: All NSUserNotifications API should be replaced with UserNotifications.frameworks API
2026-01-17T21:29:08.0732520Z 331 |         
2026-01-17T21:29:08.0732810Z 332 |         NSUserNotificationCenter.default.deliver(notification)
2026-01-17T21:29:08.0733100Z 
2026-01-17T21:29:08.0733820Z /Users/runner/work/control/control/src/Control/Modules/PermissionFlow/TCCManager.swift:332:9: warning: 'NSUserNotificationCenter' was deprecated in macOS 11.0: All NSUserNotifications API should be replaced with UserNotifications.frameworks API
2026-01-17T21:29:08.0734750Z 330 |         notification.soundName = NSUserNotificationDefaultSoundName
2026-01-17T21:29:08.0735100Z 331 |         
2026-01-17T21:29:08.0735390Z 332 |         NSUserNotificationCenter.default.deliver(notification)
2026-01-17T21:29:08.0736070Z     |         `- warning: 'NSUserNotificationCenter' was deprecated in macOS 11.0: All NSUserNotifications API should be replaced with UserNotifications.frameworks API
2026-01-17T21:29:08.0736660Z 333 |     }
2026-01-17T21:29:08.0736860Z 334 | }
2026-01-17T21:29:08.0737010Z 
2026-01-17T21:29:08.0737770Z /Users/runner/wo